2026-05-23 17:48:03.146355300 [wallet::console_wallet::main] [Thread:8164] INFO  Starting Minotari Console Wallet version: 5.3.1-pre.3-9a442c05dd4d1f3ca9936fbd22728d55c4bf4040-release // applications\minotari_console_wallet\src\main.rs:104
2026-05-23 17:48:03.167054200 [wallet::console_wallet::main] [Thread:8164] INFO  == Minotari Wallet (5.3.1-pre.3-9a442c05dd4d1f3ca9936fbd22728d55c4bf4040-release) == // applications\minotari_console_wallet\src\lib.rs:122
2026-05-23 17:48:03.168126900 [wallet::console_wallet::init] [Thread:8164] DEBUG Running Wallet database migrations // applications\minotari_console_wallet\src\init\mod.rs:287
2026-05-23 17:48:03.485872700 [wallet::console_wallet::init] [Thread:8164] DEBUG Databases Initialized. Wallet is encrypted. // applications\minotari_console_wallet\src\init\mod.rs:298
2026-05-23 17:48:03.611431400 [wallet] [Thread:8164] DEBUG Wallet Initializing // base_layer\wallet\src\wallet.rs:155
2026-05-23 17:48:03.611478700 [wallet] [Thread:8164] INFO  Transaction sending mechanism is 'DirectAndStoreAndForward' // base_layer\wallet\src\wallet.rs:156
2026-05-23 17:48:03.612126700 [wallet::base_node_service] [Thread:8164] INFO  Wallet base node service initializing. // base_layer\wallet\src\base_node_service\mod.rs:72
2026-05-23 17:48:03.612593600 [wallet::output_manager_service] [Thread:2500] DEBUG Output Manager Service started // base_layer\wallet\src\output_manager_service\service.rs:218
2026-05-23 17:48:03.612692700 [wallet::base_node_service::service] [Thread:9944] DEBUG Wallet Base Node Service started // base_layer\wallet\src\base_node_service\service.rs:98
2026-05-23 17:48:03.612733400 [wallet::transaction_service::service] [Thread:956] DEBUG Transaction Service started // base_layer\wallet\src\transaction_service\service.rs:293
2026-05-23 17:48:03.622115100 [wallet::output_manager_service] [Thread:2500] DEBUG Adding new script to output manager service // base_layer\wallet\src\output_manager_service\service.rs:3030
2026-05-23 17:48:03.640909500 [wallet::console_wallet::init] [Thread:8164] DEBUG Wallet started in 36ms // applications\minotari_console_wallet\src\init\mod.rs:337
2026-05-23 17:48:03.654200700 [wallet::transaction_service::database::wallet] [Thread:956] INFO  check_lock_height_status: Found 0 confirmed transactions with lock_height > tip (0), updating to locked // base_layer\wallet\src\transaction_service\storage\sqlite_db.rs:1576
2026-05-23 17:48:03.654711700 [wallet::console_wallet::init] [Thread:8164] DEBUG Starting TXO validations. // applications\minotari_console_wallet\src\init\mod.rs:422
2026-05-23 17:48:03.654773100 [wallet::transaction_service::protocols::validation_protocol] [Thread:956] DEBUG Checking last mined transactions to see if the base node has re-orged (Operation ID: 5467499053063975289) // base_layer\wallet\src\transaction_service\protocols\transaction_validation_protocol.rs:212
2026-05-23 17:48:03.654879500 [wallet::console_wallet::init] [Thread:8164] DEBUG TXO validations started. // applications\minotari_console_wallet\src\init\mod.rs:429
2026-05-23 17:48:03.654911900 [wallet::console_wallet::main] [Thread:8164] DEBUG Starting app // applications\minotari_console_wallet\src\lib.rs:219
2026-05-23 17:48:03.654943800 [wallet::app::main] [Thread:8164] INFO  Starting grpc server // applications\minotari_console_wallet\src\wallet_modes.rs:364
2026-05-23 17:48:03.655051400 [wallet::transaction_service::protocols::validation_protocol] [Thread:956] DEBUG No last mined transaction found, skipping reorg check (Operation ID: 5467499053063975289) // base_layer\wallet\src\transaction_service\protocols\transaction_validation_protocol.rs:220
2026-05-23 17:48:03.655073800 [wallet::transaction_service::protocols::validation_protocol] [Thread:956] DEBUG Checking if transactions have been mined since last we checked (Operation ID: 5467499053063975289) // base_layer\wallet\src\transaction_service\protocols\transaction_validation_protocol.rs:93
2026-05-23 17:48:03.655086400 [wallet::transaction_service::protocols::validation_protocol] [Thread:956] DEBUG Checking unconfirmed transactions against base node (Operation ID: 5467499053063975289) // base_layer\wallet\src\transaction_service\protocols\transaction_validation_protocol.rs:132
2026-05-23 17:48:03.655262800 [wallet::app::main] [Thread:8164] INFO  Starting GRPC on /ip4/127.0.0.1/tcp/18143 // applications\minotari_console_wallet\src\wallet_modes.rs:412
2026-05-23 17:48:05.689593000 [wallet::output_service::txo_validation_task] [Thread:9944] DEBUG Starting TXO validation protocol with peer https://rpc.esmeralda.tari.com/ (Id: 14079207877409284249) // base_layer\wallet\src\output_manager_service\tasks\txo_validation_task.rs:101
2026-05-23 17:48:05.689609800 [wallet::output_service::txo_validation_task] [Thread:9944] DEBUG Checking last mined TXO to see if the base node has re-orged (Operation ID: 14079207877409284249) // base_layer\wallet\src\output_manager_service\tasks\txo_validation_task.rs:429
2026-05-23 17:48:05.690496400 [wallet::output_service::txo_validation_task] [Thread:9944] DEBUG Found 0 unconfirmed outputs to validate (Operation ID: 14079207877409284249) // base_layer\wallet\src\output_manager_service\tasks\txo_validation_task.rs:333
2026-05-23 17:48:05.690848600 [wallet::output_service::txo_validation_task] [Thread:9944] DEBUG Found 0 mined outputs to validate (Operation ID: 14079207877409284249) // base_layer\wallet\src\output_manager_service\tasks\txo_validation_task.rs:229
2026-05-23 17:48:05.691148000 [wallet::output_service::txo_validation_task] [Thread:9944] DEBUG Finished TXO validation protocol from base node https://rpc.esmeralda.tari.com/ (Id: 14079207877409284249) // base_layer\wallet\src\output_manager_service\tasks\txo_validation_task.rs:115
2026-05-23 17:48:05.691194000 [wallet::output_manager_service] [Thread:9944] INFO  UTXO Validation Protocol (Id: 14079207877409284249) completed successfully // base_layer\wallet\src\output_manager_service\service.rs:693
2026-05-23 17:48:05.691385700 [wallet::transaction_service::service] [Thread:9636] DEBUG Received txo validation success event for oms: 14079207877409284249, starting output detection // base_layer\wallet\src\transaction_service\service.rs:1849
2026-05-23 17:48:05.691475500 [wallet::transaction_service::service] [Thread:9636] DEBUG Transaction Validation Protocol (Id: 12836201232757369679) spawned while a previous protocol was busy, ignored // base_layer\wallet\src\transaction_service\service.rs:3920
2026-05-23 17:48:05.691521200 [wallet::transaction_service::service] [Thread:9636] WARN  Error completing Transaction Validation Protocol (id: 12836201232757369679): TransactionValidationInProgress // base_layer\wallet\src\transaction_service\service.rs:3978
2026-05-23 17:48:07.173068000 [wallet::base_node_service::chain_metadata_monitor] [Thread:9944] DEBUG Base node height:657280 latency: 1517 ms // base_layer\wallet\src\base_node_service\monitor.rs:121
2026-05-23 17:48:07.422807000 [wallet::ui::grpc] [Thread:9944] DEBUG rescan_wallet: Incoming GRPC request to rescan wallet with from_height: 657274 // applications\minotari_console_wallet\src\grpc\wallet_grpc_server.rs:3096
2026-05-23 17:48:07.454102200 [wallet::transaction_service::protocols::validation_protocol] [Thread:9944] DEBUG Using tip height 657280 for validation // base_layer\wallet\src\transaction_service\protocols\transaction_validation_protocol.rs:99
2026-05-23 17:48:07.454127600 [wallet::transaction_service::protocols::validation_protocol] [Thread:9944] DEBUG Checking detected (onesided, imported, coinbase unconf) transactions // base_layer\wallet\src\transaction_service\protocols\check_faux_transaction_status.rs:56
2026-05-23 17:48:07.454692500 [wallet::transaction_service::protocols::validation_protocol] [Thread:9944] DEBUG Checking 0 imported transactions // base_layer\wallet\src\transaction_service\protocols\check_faux_transaction_status.rs:75
2026-05-23 17:48:07.455423500 [wallet::transaction_service::protocols::validation_protocol] [Thread:9944] DEBUG Checking 0 unconfirmed detected transactions // base_layer\wallet\src\transaction_service\protocols\check_faux_transaction_status.rs:90
2026-05-23 17:48:07.455716500 [wallet::transaction_service::protocols::validation_protocol] [Thread:9944] DEBUG Checking 0 unmined coinbase detected transactions // base_layer\wallet\src\transaction_service\protocols\check_faux_transaction_status.rs:107
2026-05-23 17:48:07.455958300 [wallet::transaction_service::protocols::validation_protocol] [Thread:9944] DEBUG Checking 0 confirmed detected transactions // base_layer\wallet\src\transaction_service\protocols\check_faux_transaction_status.rs:124
2026-05-23 17:48:07.456023300 [wallet::transaction_service::service] [Thread:9944] DEBUG Transaction Validation Protocol (Id: 5467499053063975289) completed successfully // base_layer\wallet\src\transaction_service\service.rs:3965
2026-05-23 17:48:16.683018000 [wallet::base_node_service::chain_metadata_monitor] [Thread:9636] DEBUG Base node height:657280 latency: 1028 ms // base_layer\wallet\src\base_node_service\monitor.rs:121
2026-05-23 17:48:26.427322900 [wallet::base_node_service::chain_metadata_monitor] [Thread:2500] DEBUG Base node height:657280 latency: 772 ms // base_layer\wallet\src\base_node_service\monitor.rs:121
2026-05-23 17:48:36.398825700 [wallet::base_node_service::chain_metadata_monitor] [Thread:956] DEBUG Base node height:657281 latency: 760 ms // base_layer\wallet\src\base_node_service\monitor.rs:121
2026-05-23 17:48:46.407914000 [wallet::base_node_service::chain_metadata_monitor] [Thread:9944] DEBUG Base node height:657281 latency: 765 ms // base_layer\wallet\src\base_node_service\monitor.rs:121
2026-05-23 17:48:56.594552300 [wallet::base_node_service::chain_metadata_monitor] [Thread:956] DEBUG Base node height:657281 latency: 951 ms // base_layer\wallet\src\base_node_service\monitor.rs:121
2026-05-23 17:49:07.056907900 [wallet::base_node_service::chain_metadata_monitor] [Thread:2500] DEBUG Base node height:657282 latency: 1367 ms // base_layer\wallet\src\base_node_service\monitor.rs:121
2026-05-23 17:49:16.914197900 [wallet::base_node_service::chain_metadata_monitor] [Thread:9944] DEBUG Base node height:657284 latency: 1286 ms // base_layer\wallet\src\base_node_service\monitor.rs:121
2026-05-23 17:49:26.426762200 [wallet::base_node_service::chain_metadata_monitor] [Thread:9944] DEBUG Base node height:657284 latency: 785 ms // base_layer\wallet\src\base_node_service\monitor.rs:121
2026-05-23 17:49:36.404096500 [wallet::base_node_service::chain_metadata_monitor] [Thread:9636] DEBUG Base node height:657284 latency: 764 ms // base_layer\wallet\src\base_node_service\monitor.rs:121
2026-05-23 17:49:46.520297500 [wallet::base_node_service::chain_metadata_monitor] [Thread:9944] DEBUG Base node height:657285 latency: 827 ms // base_layer\wallet\src\base_node_service\monitor.rs:121
2026-05-23 17:49:56.927486300 [wallet::base_node_service::chain_metadata_monitor] [Thread:956] DEBUG Base node height:657285 latency: 1285 ms // base_layer\wallet\src\base_node_service\monitor.rs:121
2026-05-23 17:50:06.372924200 [wallet::base_node_service::chain_metadata_monitor] [Thread:9636] DEBUG Base node height:657285 latency: 727 ms // base_layer\wallet\src\base_node_service\monitor.rs:121
2026-05-23 17:50:09.017683100 [wallet::output_manager_service] [Thread:9636] DEBUG TXO Validation Protocol (Id: 1417602321456942626) resetting because base node height changed // base_layer\wallet\src\output_manager_service\service.rs:731
2026-05-23 17:50:09.017725500 [wallet::transaction_service::service] [Thread:2500] DEBUG Transaction Validation Protocol (Id: 15898643335582944357) spawned while a previous protocol was busy, ignored // base_layer\wallet\src\transaction_service\service.rs:3920
2026-05-23 17:50:09.017778000 [wallet::transaction_service::protocols::validation_protocol] [Thread:956] DEBUG Checking last mined transactions to see if the base node has re-orged (Operation ID: 10843626679081660090) // base_layer\wallet\src\transaction_service\protocols\transaction_validation_protocol.rs:212
2026-05-23 17:50:09.017830600 [wallet::output_manager_service] [Thread:2500] DEBUG UTXO Validation Protocol (Id: 13507795356576729989) spawned while a previous protocol was busy, ignored // base_layer\wallet\src\output_manager_service\service.rs:677
2026-05-23 17:50:09.017888700 [wallet::transaction_service::service] [Thread:2500] WARN  Error completing Transaction Validation Protocol (id: 15898643335582944357): TransactionValidationInProgress // base_layer\wallet\src\transaction_service\service.rs:3978
2026-05-23 17:50:09.017946200 [wallet::transaction_service::service] [Thread:2500] DEBUG Transaction Validation Protocol (Id: 14836995601807634674) spawned while a previous protocol was busy, ignored // base_layer\wallet\src\transaction_service\service.rs:3920
2026-05-23 17:50:09.017964900 [wallet::transaction_service::service] [Thread:2500] WARN  Error completing Transaction Validation Protocol (id: 14836995601807634674): TransactionValidationInProgress // base_layer\wallet\src\transaction_service\service.rs:3978
2026-05-23 17:50:09.017988900 [wallet::transaction_service::protocols::validation_protocol] [Thread:956] DEBUG No last mined transaction found, skipping reorg check (Operation ID: 10843626679081660090) // base_layer\wallet\src\transaction_service\protocols\transaction_validation_protocol.rs:220
2026-05-23 17:50:09.018009600 [wallet::transaction_service::protocols::validation_protocol] [Thread:956] DEBUG Checking if transactions have been mined since last we checked (Operation ID: 10843626679081660090) // base_layer\wallet\src\transaction_service\protocols\transaction_validation_protocol.rs:93
2026-05-23 17:50:09.018020500 [wallet::transaction_service::protocols::validation_protocol] [Thread:956] DEBUG Checking unconfirmed transactions against base node (Operation ID: 10843626679081660090) // base_layer\wallet\src\transaction_service\protocols\transaction_validation_protocol.rs:132
2026-05-23 17:50:09.018344400 [wallet::transaction_service::service] [Thread:956] DEBUG TXO Validation Protocol (Id: 10843626679081660090) resetting because base node height changed // base_layer\wallet\src\transaction_service\service.rs:3938
2026-05-23 17:50:11.054314400 [wallet::output_service::txo_validation_task] [Thread:9636] DEBUG Starting TXO validation protocol with peer https://rpc.esmeralda.tari.com/ (Id: 1417602321456942626) // base_layer\wallet\src\output_manager_service\tasks\txo_validation_task.rs:101
2026-05-23 17:50:11.054331600 [wallet::output_service::txo_validation_task] [Thread:9636] DEBUG Checking last mined TXO to see if the base node has re-orged (Operation ID: 1417602321456942626) // base_layer\wallet\src\output_manager_service\tasks\txo_validation_task.rs:429
2026-05-23 17:50:11.054769400 [wallet::output_service::txo_validation_task] [Thread:9636] DEBUG Found 0 unconfirmed outputs to validate (Operation ID: 1417602321456942626) // base_layer\wallet\src\output_manager_service\tasks\txo_validation_task.rs:333
2026-05-23 17:50:11.055297200 [wallet::output_service::txo_validation_task] [Thread:9636] DEBUG Found 0 mined outputs to validate (Operation ID: 1417602321456942626) // base_layer\wallet\src\output_manager_service\tasks\txo_validation_task.rs:229
2026-05-23 17:50:11.055450200 [wallet::output_service::txo_validation_task] [Thread:9636] DEBUG Finished TXO validation protocol from base node https://rpc.esmeralda.tari.com/ (Id: 1417602321456942626) // base_layer\wallet\src\output_manager_service\tasks\txo_validation_task.rs:115
2026-05-23 17:50:11.055477600 [wallet::output_manager_service] [Thread:9636] INFO  UTXO Validation Protocol (Id: 1417602321456942626) completed successfully // base_layer\wallet\src\output_manager_service\service.rs:693
2026-05-23 17:50:11.055502000 [wallet::transaction_service::service] [Thread:9944] DEBUG Received txo validation success event for oms: 1417602321456942626, starting output detection // base_layer\wallet\src\transaction_service\service.rs:1849
2026-05-23 17:50:11.055559900 [wallet::transaction_service::service] [Thread:9944] DEBUG Transaction Validation Protocol (Id: 7886520468761909243) spawned while a previous protocol was busy, ignored // base_layer\wallet\src\transaction_service\service.rs:3920
2026-05-23 17:50:11.055638300 [wallet::transaction_service::service] [Thread:9944] WARN  Error completing Transaction Validation Protocol (id: 7886520468761909243): TransactionValidationInProgress // base_layer\wallet\src\transaction_service\service.rs:3978
2026-05-23 17:50:12.113641000 [wallet::transaction_service::service] [Thread:2500] DEBUG Transaction Validation Protocol (Id: 11444703675905144591) spawned while a previous protocol was busy, ignored // base_layer\wallet\src\transaction_service\service.rs:3920
2026-05-23 17:50:12.113684400 [wallet::output_manager_service] [Thread:956] DEBUG TXO Validation Protocol (Id: 8802867003563720792) resetting because base node height changed // base_layer\wallet\src\output_manager_service\service.rs:731
2026-05-23 17:50:12.113747000 [wallet::transaction_service::service] [Thread:9944] WARN  Error completing Transaction Validation Protocol (id: 11444703675905144591): TransactionValidationInProgress // base_layer\wallet\src\transaction_service\service.rs:3978
2026-05-23 17:50:12.113778300 [wallet::transaction_service::service] [Thread:2500] DEBUG TXO Validation Protocol (Id: 10843626679081660090) resetting because base node height changed // base_layer\wallet\src\transaction_service\service.rs:3938
2026-05-23 17:50:12.113819900 [wallet::output_manager_service] [Thread:956] DEBUG UTXO Validation Protocol (Id: 15673742915663729742) spawned while a previous protocol was busy, ignored // base_layer\wallet\src\output_manager_service\service.rs:677
2026-05-23 17:50:12.113864900 [wallet::transaction_service::service] [Thread:9636] DEBUG Transaction Validation Protocol (Id: 5942898524114489812) spawned while a previous protocol was busy, ignored // base_layer\wallet\src\transaction_service\service.rs:3920
2026-05-23 17:50:12.113904200 [wallet::transaction_service::service] [Thread:9636] WARN  Error completing Transaction Validation Protocol (id: 5942898524114489812): TransactionValidationInProgress // base_layer\wallet\src\transaction_service\service.rs:3978
2026-05-23 17:50:12.753080000 [wallet::transaction_service::protocols::validation_protocol] [Thread:9636] DEBUG Using tip height 657285 for validation // base_layer\wallet\src\transaction_service\protocols\transaction_validation_protocol.rs:99
2026-05-23 17:50:12.753108700 [wallet::transaction_service::protocols::validation_protocol] [Thread:9636] DEBUG Checking detected (onesided, imported, coinbase unconf) transactions // base_layer\wallet\src\transaction_service\protocols\check_faux_transaction_status.rs:56
2026-05-23 17:50:12.753455400 [wallet::transaction_service::protocols::validation_protocol] [Thread:9636] DEBUG Checking 0 imported transactions // base_layer\wallet\src\transaction_service\protocols\check_faux_transaction_status.rs:75
2026-05-23 17:50:12.753943700 [wallet::transaction_service::protocols::validation_protocol] [Thread:9636] DEBUG Checking 0 unconfirmed detected transactions // base_layer\wallet\src\transaction_service\protocols\check_faux_transaction_status.rs:90
2026-05-23 17:50:12.754058000 [wallet::transaction_service::protocols::validation_protocol] [Thread:9636] DEBUG Checking 0 unmined coinbase detected transactions // base_layer\wallet\src\transaction_service\protocols\check_faux_transaction_status.rs:107
2026-05-23 17:50:12.754259400 [wallet::transaction_service::protocols::validation_protocol] [Thread:9636] DEBUG Checking 0 confirmed detected transactions // base_layer\wallet\src\transaction_service\protocols\check_faux_transaction_status.rs:124
2026-05-23 17:50:12.754298700 [wallet::transaction_service::service] [Thread:9636] DEBUG Transaction Validation Protocol (Id: 10843626679081660090) completed successfully // base_layer\wallet\src\transaction_service\service.rs:3965
2026-05-23 17:50:14.129643400 [wallet::output_service::txo_validation_task] [Thread:9944] DEBUG Starting TXO validation protocol with peer https://rpc.esmeralda.tari.com/ (Id: 8802867003563720792) // base_layer\wallet\src\output_manager_service\tasks\txo_validation_task.rs:101
2026-05-23 17:50:14.129665800 [wallet::output_service::txo_validation_task] [Thread:9944] DEBUG Checking last mined TXO to see if the base node has re-orged (Operation ID: 8802867003563720792) // base_layer\wallet\src\output_manager_service\tasks\txo_validation_task.rs:429
2026-05-23 17:50:14.130091400 [wallet::output_service::txo_validation_task] [Thread:9944] DEBUG Found 0 unconfirmed outputs to validate (Operation ID: 8802867003563720792) // base_layer\wallet\src\output_manager_service\tasks\txo_validation_task.rs:333
2026-05-23 17:50:14.130510200 [wallet::output_service::txo_validation_task] [Thread:9944] DEBUG Found 0 mined outputs to validate (Operation ID: 8802867003563720792) // base_layer\wallet\src\output_manager_service\tasks\txo_validation_task.rs:229
2026-05-23 17:50:14.130633700 [wallet::output_service::txo_validation_task] [Thread:9944] DEBUG Finished TXO validation protocol from base node https://rpc.esmeralda.tari.com/ (Id: 8802867003563720792) // base_layer\wallet\src\output_manager_service\tasks\txo_validation_task.rs:115
2026-05-23 17:50:14.130661700 [wallet::output_manager_service] [Thread:9944] INFO  UTXO Validation Protocol (Id: 8802867003563720792) completed successfully // base_layer\wallet\src\output_manager_service\service.rs:693
2026-05-23 17:50:14.130709800 [wallet::transaction_service::service] [Thread:9944] DEBUG Received txo validation success event for oms: 8802867003563720792, starting output detection // base_layer\wallet\src\transaction_service\service.rs:1849
2026-05-23 17:50:14.130858900 [wallet::transaction_service::protocols::validation_protocol] [Thread:9944] DEBUG Checking last mined transactions to see if the base node has re-orged (Operation ID: 17995768482700795503) // base_layer\wallet\src\transaction_service\protocols\transaction_validation_protocol.rs:212
2026-05-23 17:50:14.131001200 [wallet::transaction_service::protocols::validation_protocol] [Thread:9944] DEBUG No last mined transaction found, skipping reorg check (Operation ID: 17995768482700795503) // base_layer\wallet\src\transaction_service\protocols\transaction_validation_protocol.rs:220
2026-05-23 17:50:14.131017300 [wallet::transaction_service::protocols::validation_protocol] [Thread:9944] DEBUG Checking if transactions have been mined since last we checked (Operation ID: 17995768482700795503) // base_layer\wallet\src\transaction_service\protocols\transaction_validation_protocol.rs:93
2026-05-23 17:50:14.131027300 [wallet::transaction_service::protocols::validation_protocol] [Thread:9944] DEBUG Checking unconfirmed transactions against base node (Operation ID: 17995768482700795503) // base_layer\wallet\src\transaction_service\protocols\transaction_validation_protocol.rs:132
2026-05-23 17:50:16.994004300 [wallet::transaction_service::protocols::validation_protocol] [Thread:9636] DEBUG Using tip height 657285 for validation // base_layer\wallet\src\transaction_service\protocols\transaction_validation_protocol.rs:99
2026-05-23 17:50:16.994037100 [wallet::transaction_service::protocols::validation_protocol] [Thread:9636] DEBUG Checking detected (onesided, imported, coinbase unconf) transactions // base_layer\wallet\src\transaction_service\protocols\check_faux_transaction_status.rs:56
2026-05-23 17:50:16.994409100 [wallet::transaction_service::protocols::validation_protocol] [Thread:9636] DEBUG Checking 0 imported transactions // base_layer\wallet\src\transaction_service\protocols\check_faux_transaction_status.rs:75
2026-05-23 17:50:16.994937100 [wallet::transaction_service::protocols::validation_protocol] [Thread:9636] DEBUG Checking 0 unconfirmed detected transactions // base_layer\wallet\src\transaction_service\protocols\check_faux_transaction_status.rs:90
2026-05-23 17:50:16.995056300 [wallet::transaction_service::protocols::validation_protocol] [Thread:9636] DEBUG Checking 0 unmined coinbase detected transactions // base_layer\wallet\src\transaction_service\protocols\check_faux_transaction_status.rs:107
2026-05-23 17:50:16.995263000 [wallet::transaction_service::protocols::validation_protocol] [Thread:9636] DEBUG Checking 0 confirmed detected transactions // base_layer\wallet\src\transaction_service\protocols\check_faux_transaction_status.rs:124
2026-05-23 17:50:16.995314300 [wallet::transaction_service::service] [Thread:9636] DEBUG Transaction Validation Protocol (Id: 17995768482700795503) completed successfully // base_layer\wallet\src\transaction_service\service.rs:3965
2026-05-23 17:50:17.746746800 [wallet::base_node_service::chain_metadata_monitor] [Thread:9944] DEBUG Base node height:657285 latency: 2100 ms // base_layer\wallet\src\base_node_service\monitor.rs:121
2026-05-23 20:03:43.439438300 [wallet::console_wallet::main] [Thread:3156] INFO  Starting Minotari Console Wallet version: 5.3.1-pre.3-9a442c05dd4d1f3ca9936fbd22728d55c4bf4040-release // applications\minotari_console_wallet\src\main.rs:104
2026-05-23 20:03:43.497383100 [wallet::console_wallet::main] [Thread:3156] INFO  == Minotari Wallet (5.3.1-pre.3-9a442c05dd4d1f3ca9936fbd22728d55c4bf4040-release) == // applications\minotari_console_wallet\src\lib.rs:122
2026-05-23 20:03:43.498959000 [wallet::console_wallet::init] [Thread:3156] DEBUG Running Wallet database migrations // applications\minotari_console_wallet\src\init\mod.rs:287
2026-05-23 20:03:43.593124600 [wallet::console_wallet::init] [Thread:3156] DEBUG Databases Initialized. Wallet is encrypted. // applications\minotari_console_wallet\src\init\mod.rs:298
2026-05-23 20:03:43.696645100 [wallet] [Thread:3156] DEBUG Wallet Initializing // base_layer\wallet\src\wallet.rs:155
2026-05-23 20:03:43.696678700 [wallet] [Thread:3156] INFO  Transaction sending mechanism is 'DirectAndStoreAndForward' // base_layer\wallet\src\wallet.rs:156
2026-05-23 20:03:43.698604300 [wallet::base_node_service] [Thread:3156] INFO  Wallet base node service initializing. // base_layer\wallet\src\base_node_service\mod.rs:72
2026-05-23 20:03:43.700058900 [wallet::transaction_service::service] [Thread:8476] DEBUG Transaction Service started // base_layer\wallet\src\transaction_service\service.rs:293
2026-05-23 20:03:43.700356400 [wallet::output_manager_service] [Thread:10876] DEBUG Output Manager Service started // base_layer\wallet\src\output_manager_service\service.rs:218
2026-05-23 20:03:43.700998000 [wallet::base_node_service::service] [Thread:4296] DEBUG Wallet Base Node Service started // base_layer\wallet\src\base_node_service\service.rs:98
2026-05-23 20:03:43.708990800 [wallet::output_manager_service] [Thread:10876] DEBUG Adding new script to output manager service // base_layer\wallet\src\output_manager_service\service.rs:3030
2026-05-23 20:03:43.728186000 [wallet::console_wallet::init] [Thread:3156] DEBUG Wallet started in 32ms // applications\minotari_console_wallet\src\init\mod.rs:337
2026-05-23 20:03:43.740265900 [wallet::transaction_service::database::wallet] [Thread:8476] INFO  check_lock_height_status: Found 0 confirmed transactions with lock_height > tip (657285), updating to locked // base_layer\wallet\src\transaction_service\storage\sqlite_db.rs:1576
2026-05-23 20:03:43.740952200 [wallet::console_wallet::init] [Thread:3156] DEBUG Starting TXO validations. // applications\minotari_console_wallet\src\init\mod.rs:422
2026-05-23 20:03:43.741179300 [wallet::console_wallet::init] [Thread:3156] DEBUG TXO validations started. // applications\minotari_console_wallet\src\init\mod.rs:429
2026-05-23 20:03:43.741220300 [wallet::console_wallet::main] [Thread:3156] DEBUG Starting app // applications\minotari_console_wallet\src\lib.rs:219
2026-05-23 20:03:43.741274200 [wallet::app::main] [Thread:3156] INFO  Starting grpc server // applications\minotari_console_wallet\src\wallet_modes.rs:364
2026-05-23 20:03:43.741405700 [wallet::transaction_service::protocols::validation_protocol] [Thread:8476] DEBUG Checking last mined transactions to see if the base node has re-orged (Operation ID: 2125629443094421838) // base_layer\wallet\src\transaction_service\protocols\transaction_validation_protocol.rs:212
2026-05-23 20:03:43.741788900 [wallet::transaction_service::protocols::validation_protocol] [Thread:8476] DEBUG No last mined transaction found, skipping reorg check (Operation ID: 2125629443094421838) // base_layer\wallet\src\transaction_service\protocols\transaction_validation_protocol.rs:220
2026-05-23 20:03:43.741893300 [wallet::transaction_service::protocols::validation_protocol] [Thread:8476] DEBUG Checking if transactions have been mined since last we checked (Operation ID: 2125629443094421838) // base_layer\wallet\src\transaction_service\protocols\transaction_validation_protocol.rs:93
2026-05-23 20:03:43.741913100 [wallet::transaction_service::protocols::validation_protocol] [Thread:8476] DEBUG Checking unconfirmed transactions against base node (Operation ID: 2125629443094421838) // base_layer\wallet\src\transaction_service\protocols\transaction_validation_protocol.rs:132
2026-05-23 20:03:43.742240600 [wallet::app::main] [Thread:3156] INFO  Starting GRPC on /ip4/127.0.0.1/tcp/18143 // applications\minotari_console_wallet\src\wallet_modes.rs:412
2026-05-23 20:09:43.814605900 [wallet::console_wallet::main] [Thread:7636] INFO  Starting Minotari Console Wallet version: 5.3.1-pre.3-9a442c05dd4d1f3ca9936fbd22728d55c4bf4040-release // applications\minotari_console_wallet\src\main.rs:104
2026-05-23 20:09:43.820012200 [wallet::console_wallet::main] [Thread:7636] INFO  == Minotari Wallet (5.3.1-pre.3-9a442c05dd4d1f3ca9936fbd22728d55c4bf4040-release) == // applications\minotari_console_wallet\src\lib.rs:122
2026-05-23 20:09:43.820391500 [wallet::console_wallet::init] [Thread:7636] DEBUG Running Wallet database migrations // applications\minotari_console_wallet\src\init\mod.rs:287
2026-05-23 20:09:43.885274800 [wallet::console_wallet::init] [Thread:7636] DEBUG Databases Initialized. Wallet is encrypted. // applications\minotari_console_wallet\src\init\mod.rs:298
2026-05-23 20:09:43.981610600 [wallet] [Thread:7636] DEBUG Wallet Initializing // base_layer\wallet\src\wallet.rs:155
2026-05-23 20:09:43.981645400 [wallet] [Thread:7636] INFO  Transaction sending mechanism is 'DirectAndStoreAndForward' // base_layer\wallet\src\wallet.rs:156
2026-05-23 20:09:43.982239600 [wallet::base_node_service] [Thread:7636] INFO  Wallet base node service initializing. // base_layer\wallet\src\base_node_service\mod.rs:72
2026-05-23 20:09:43.982474400 [wallet::base_node_service::service] [Thread:2304] DEBUG Wallet Base Node Service started // base_layer\wallet\src\base_node_service\service.rs:98
2026-05-23 20:09:43.982524700 [wallet::output_manager_service] [Thread:1904] DEBUG Output Manager Service started // base_layer\wallet\src\output_manager_service\service.rs:218
2026-05-23 20:09:43.982561000 [wallet::transaction_service::service] [Thread:1372] DEBUG Transaction Service started // base_layer\wallet\src\transaction_service\service.rs:293
2026-05-23 20:09:43.997767600 [wallet::output_manager_service] [Thread:1904] DEBUG Adding new script to output manager service // base_layer\wallet\src\output_manager_service\service.rs:3030
2026-05-23 20:09:44.017558800 [wallet::console_wallet::init] [Thread:7636] DEBUG Wallet started in 36ms // applications\minotari_console_wallet\src\init\mod.rs:337
2026-05-23 20:09:44.033043500 [wallet::transaction_service::database::wallet] [Thread:1372] INFO  check_lock_height_status: Found 0 confirmed transactions with lock_height > tip (657285), updating to locked // base_layer\wallet\src\transaction_service\storage\sqlite_db.rs:1576
2026-05-23 20:09:44.033689400 [wallet::console_wallet::init] [Thread:7636] DEBUG Starting TXO validations. // applications\minotari_console_wallet\src\init\mod.rs:422
2026-05-23 20:09:44.033782800 [wallet::transaction_service::protocols::validation_protocol] [Thread:1372] DEBUG Checking last mined transactions to see if the base node has re-orged (Operation ID: 390598185762102571) // base_layer\wallet\src\transaction_service\protocols\transaction_validation_protocol.rs:212
2026-05-23 20:09:44.033823000 [wallet::console_wallet::init] [Thread:7636] DEBUG TXO validations started. // applications\minotari_console_wallet\src\init\mod.rs:429
2026-05-23 20:09:44.033855800 [wallet::console_wallet::main] [Thread:7636] DEBUG Starting app // applications\minotari_console_wallet\src\lib.rs:219
2026-05-23 20:09:44.033955000 [wallet::app::main] [Thread:7636] INFO  Starting grpc server // applications\minotari_console_wallet\src\wallet_modes.rs:364
2026-05-23 20:09:44.034104200 [wallet::transaction_service::protocols::validation_protocol] [Thread:1372] DEBUG No last mined transaction found, skipping reorg check (Operation ID: 390598185762102571) // base_layer\wallet\src\transaction_service\protocols\transaction_validation_protocol.rs:220
2026-05-23 20:09:44.034126100 [wallet::transaction_service::protocols::validation_protocol] [Thread:1372] DEBUG Checking if transactions have been mined since last we checked (Operation ID: 390598185762102571) // base_layer\wallet\src\transaction_service\protocols\transaction_validation_protocol.rs:93
2026-05-23 20:09:44.034137900 [wallet::transaction_service::protocols::validation_protocol] [Thread:1372] DEBUG Checking unconfirmed transactions against base node (Operation ID: 390598185762102571) // base_layer\wallet\src\transaction_service\protocols\transaction_validation_protocol.rs:132
2026-05-23 20:09:44.034615700 [wallet::app::main] [Thread:7636] INFO  Starting GRPC on /ip4/127.0.0.1/tcp/18143 // applications\minotari_console_wallet\src\wallet_modes.rs:412
2026-05-23 20:32:06.054916200 [wallet::console_wallet::main] [Thread:4972] INFO  Starting Minotari Console Wallet version: 5.3.1-pre.3-9a442c05dd4d1f3ca9936fbd22728d55c4bf4040-release // applications\minotari_console_wallet\src\main.rs:104
2026-05-23 20:32:06.113165900 [wallet::console_wallet::main] [Thread:4972] INFO  == Minotari Wallet (5.3.1-pre.3-9a442c05dd4d1f3ca9936fbd22728d55c4bf4040-release) == // applications\minotari_console_wallet\src\lib.rs:122
2026-05-23 20:32:06.114432000 [wallet::console_wallet::init] [Thread:4972] DEBUG Running Wallet database migrations // applications\minotari_console_wallet\src\init\mod.rs:287
2026-05-23 20:32:06.214070800 [wallet::console_wallet::init] [Thread:4972] DEBUG Databases Initialized. Wallet is encrypted. // applications\minotari_console_wallet\src\init\mod.rs:298
2026-05-23 20:32:06.321739400 [wallet] [Thread:4972] DEBUG Wallet Initializing // base_layer\wallet\src\wallet.rs:155
2026-05-23 20:32:06.321777100 [wallet] [Thread:4972] INFO  Transaction sending mechanism is 'DirectAndStoreAndForward' // base_layer\wallet\src\wallet.rs:156
2026-05-23 20:32:06.323940400 [wallet::base_node_service] [Thread:4972] INFO  Wallet base node service initializing. // base_layer\wallet\src\base_node_service\mod.rs:72
2026-05-23 20:32:06.325327700 [wallet::transaction_service::service] [Thread:3252] DEBUG Transaction Service started // base_layer\wallet\src\transaction_service\service.rs:293
2026-05-23 20:32:06.325916100 [wallet::output_manager_service] [Thread:7164] DEBUG Output Manager Service started // base_layer\wallet\src\output_manager_service\service.rs:218
2026-05-23 20:32:06.336394000 [wallet::output_manager_service] [Thread:7164] DEBUG Adding new script to output manager service // base_layer\wallet\src\output_manager_service\service.rs:3030
2026-05-23 20:32:06.338834800 [wallet::transaction_service::database::wallet] [Thread:3252] INFO  check_lock_height_status: Found 0 confirmed transactions with lock_height > tip (657285), updating to locked // base_layer\wallet\src\transaction_service\storage\sqlite_db.rs:1576
2026-05-23 20:32:06.338939700 [wallet::base_node_service::service] [Thread:3252] DEBUG Wallet Base Node Service started // base_layer\wallet\src\base_node_service\service.rs:98
2026-05-23 20:32:06.357624500 [wallet::console_wallet::init] [Thread:4972] DEBUG Wallet started in 36ms // applications\minotari_console_wallet\src\init\mod.rs:337
2026-05-23 20:32:06.358605800 [wallet::console_wallet::init] [Thread:4972] DEBUG Starting TXO validations. // applications\minotari_console_wallet\src\init\mod.rs:422
2026-05-23 20:32:06.358750500 [wallet::console_wallet::init] [Thread:4972] DEBUG TXO validations started. // applications\minotari_console_wallet\src\init\mod.rs:429
2026-05-23 20:32:06.358841600 [wallet::console_wallet::main] [Thread:4972] DEBUG Starting app // applications\minotari_console_wallet\src\lib.rs:219
2026-05-23 20:32:06.358889600 [wallet::app::main] [Thread:4972] INFO  Starting grpc server // applications\minotari_console_wallet\src\wallet_modes.rs:364
2026-05-23 20:32:06.359200300 [wallet::transaction_service::protocols::validation_protocol] [Thread:7164] DEBUG Checking last mined transactions to see if the base node has re-orged (Operation ID: 2750913359876097518) // base_layer\wallet\src\transaction_service\protocols\transaction_validation_protocol.rs:212
2026-05-23 20:32:06.359574400 [wallet::transaction_service::protocols::validation_protocol] [Thread:7164] DEBUG No last mined transaction found, skipping reorg check (Operation ID: 2750913359876097518) // base_layer\wallet\src\transaction_service\protocols\transaction_validation_protocol.rs:220
2026-05-23 20:32:06.359604100 [wallet::transaction_service::protocols::validation_protocol] [Thread:7164] DEBUG Checking if transactions have been mined since last we checked (Operation ID: 2750913359876097518) // base_layer\wallet\src\transaction_service\protocols\transaction_validation_protocol.rs:93
2026-05-23 20:32:06.359616900 [wallet::transaction_service::protocols::validation_protocol] [Thread:7164] DEBUG Checking unconfirmed transactions against base node (Operation ID: 2750913359876097518) // base_layer\wallet\src\transaction_service\protocols\transaction_validation_protocol.rs:132
2026-05-23 20:32:06.359883600 [wallet::app::main] [Thread:4972] INFO  Starting GRPC on /ip4/127.0.0.1/tcp/18143 // applications\minotari_console_wallet\src\wallet_modes.rs:412
