2026-05-30 23:06:07.538385200 [common::config] [Thread:7352] DEBUG Created new configuration file ./wallet-data\esmeralda\config/config.toml // common\src\configuration\utils.rs:45
2026-05-30 23:06:07.559166800 [common::config] [Thread:7352] DEBUG No network configuration found. Using default. // common\src\configuration\utils.rs:87
2026-05-30 23:06:07.559247100 [common::config] [Thread:7352] INFO  Configuration file loaded. // common\src\configuration\utils.rs:99
2026-05-30 23:06:08.034450300 [reqwest::connect] [Thread:10796] DEBUG starting new connection: http://127.0.0.1:9005/ // C:\Users\runneradmin\.cargo\registry\src\index.crates.io-1949cf8c6b5b557f\reqwest-0.12.17\src\connect.rs:753
2026-05-30 23:06:08.034533600 [hyper_util::client::legacy::connect::http] [Thread:10796] DEBUG connecting to 127.0.0.1:9005 // C:\Users\runneradmin\.cargo\registry\src\index.crates.io-1949cf8c6b5b557f\hyper-util-0.1.13\src\client\legacy\connect\http.rs:768
2026-05-30 23:06:08.034919900 [reqwest::connect] [Thread:5916] DEBUG starting new connection: http://127.0.0.1:9005/ // C:\Users\runneradmin\.cargo\registry\src\index.crates.io-1949cf8c6b5b557f\reqwest-0.12.17\src\connect.rs:753
2026-05-30 23:06:08.035009200 [hyper_util::client::legacy::connect::http] [Thread:5916] DEBUG connecting to 127.0.0.1:9005 // C:\Users\runneradmin\.cargo\registry\src\index.crates.io-1949cf8c6b5b557f\hyper-util-0.1.13\src\client\legacy\connect\http.rs:768
2026-05-30 23:06:08.046422100 [minotari_console_wallet::init] [Thread:7352] DEBUG revalidating all transactions // applications\minotari_console_wallet\src\init\mod.rs:410
2026-05-30 23:06:08.060893100 [reqwest::connect] [Thread:10796] DEBUG starting new connection: http://127.0.0.1:9005/ // C:\Users\runneradmin\.cargo\registry\src\index.crates.io-1949cf8c6b5b557f\reqwest-0.12.17\src\connect.rs:753
2026-05-30 23:06:08.060934400 [hyper_util::client::legacy::connect::http] [Thread:10796] DEBUG connecting to 127.0.0.1:9005 // C:\Users\runneradmin\.cargo\registry\src\index.crates.io-1949cf8c6b5b557f\hyper-util-0.1.13\src\client\legacy\connect\http.rs:768
2026-05-30 23:06:08.068055600 [reqwest::connect] [Thread:10412] DEBUG starting new connection: http://127.0.0.1:9005/ // C:\Users\runneradmin\.cargo\registry\src\index.crates.io-1949cf8c6b5b557f\reqwest-0.12.17\src\connect.rs:753
2026-05-30 23:06:08.068102600 [hyper_util::client::legacy::connect::http] [Thread:10412] DEBUG connecting to 127.0.0.1:9005 // C:\Users\runneradmin\.cargo\registry\src\index.crates.io-1949cf8c6b5b557f\hyper-util-0.1.13\src\client\legacy\connect\http.rs:768
2026-05-30 23:06:10.058967800 [reqwest::connect] [Thread:4296] DEBUG starting new connection: https://rpc.esmeralda.tari.com/ // C:\Users\runneradmin\.cargo\registry\src\index.crates.io-1949cf8c6b5b557f\reqwest-0.12.17\src\connect.rs:753
2026-05-30 23:06:10.074437900 [reqwest::connect] [Thread:4296] DEBUG starting new connection: https://rpc.esmeralda.tari.com/ // C:\Users\runneradmin\.cargo\registry\src\index.crates.io-1949cf8c6b5b557f\reqwest-0.12.17\src\connect.rs:753
2026-05-30 23:06:10.112282100 [hyper_util::client::legacy::connect::http] [Thread:10796] DEBUG connecting to [2606:4700:90ca:d8ba:35ef:511:697e:3739]:443 // C:\Users\runneradmin\.cargo\registry\src\index.crates.io-1949cf8c6b5b557f\hyper-util-0.1.13\src\client\legacy\connect\http.rs:768
2026-05-30 23:06:10.112368600 [hyper_util::client::legacy::connect::http] [Thread:4296] DEBUG connecting to [2606:4700:90ca:d8ba:35ef:511:697e:3739]:443 // C:\Users\runneradmin\.cargo\registry\src\index.crates.io-1949cf8c6b5b557f\hyper-util-0.1.13\src\client\legacy\connect\http.rs:768
2026-05-30 23:06:10.121326000 [reqwest::connect] [Thread:10412] DEBUG starting new connection: https://rpc.esmeralda.tari.com/ // C:\Users\runneradmin\.cargo\registry\src\index.crates.io-1949cf8c6b5b557f\reqwest-0.12.17\src\connect.rs:753
2026-05-30 23:06:10.121738400 [hyper_util::client::legacy::connect::http] [Thread:10412] DEBUG connecting to [2606:4700:90ca:d8ba:35ef:511:697e:3739]:443 // C:\Users\runneradmin\.cargo\registry\src\index.crates.io-1949cf8c6b5b557f\hyper-util-0.1.13\src\client\legacy\connect\http.rs:768
2026-05-30 23:06:10.323259800 [hyper_util::client::legacy::connect::http] [Thread:10796] DEBUG connected to [2606:4700:90ca:d8ba:35ef:511:697e:3739]:443 // C:\Users\runneradmin\.cargo\registry\src\index.crates.io-1949cf8c6b5b557f\hyper-util-0.1.13\src\client\legacy\connect\http.rs:771
2026-05-30 23:06:10.348811600 [hyper_util::client::legacy::connect::http] [Thread:10796] DEBUG connected to [2606:4700:90ca:d8ba:35ef:511:697e:3739]:443 // C:\Users\runneradmin\.cargo\registry\src\index.crates.io-1949cf8c6b5b557f\hyper-util-0.1.13\src\client\legacy\connect\http.rs:771
2026-05-30 23:06:10.417991000 [hyper_util::client::legacy::connect::http] [Thread:10796] DEBUG connecting to 172.67.70.100:443 // C:\Users\runneradmin\.cargo\registry\src\index.crates.io-1949cf8c6b5b557f\hyper-util-0.1.13\src\client\legacy\connect\http.rs:768
2026-05-30 23:06:10.496073700 [hyper_util::client::legacy::connect::http] [Thread:10796] DEBUG connected to 172.67.70.100:443 // C:\Users\runneradmin\.cargo\registry\src\index.crates.io-1949cf8c6b5b557f\hyper-util-0.1.13\src\client\legacy\connect\http.rs:771
2026-05-30 23:06:10.975818600 [hyper_util::client::legacy::pool] [Thread:10796] DEBUG pooling idle connection for ("https", rpc.esmeralda.tari.com) // C:\Users\runneradmin\.cargo\registry\src\index.crates.io-1949cf8c6b5b557f\hyper-util-0.1.13\src\client\legacy\pool.rs:396
2026-05-30 23:06:11.711450100 [hyper_util::client::legacy::pool] [Thread:4296] DEBUG pooling idle connection for ("https", rpc.esmeralda.tari.com) // C:\Users\runneradmin\.cargo\registry\src\index.crates.io-1949cf8c6b5b557f\hyper-util-0.1.13\src\client\legacy\pool.rs:396
2026-05-30 23:06:12.486738400 [hyper_util::client::legacy::pool] [Thread:4296] DEBUG pooling idle connection for ("https", rpc.esmeralda.tari.com) // C:\Users\runneradmin\.cargo\registry\src\index.crates.io-1949cf8c6b5b557f\hyper-util-0.1.13\src\client\legacy\pool.rs:396
2026-05-30 23:06:12.494761700 [hyper_util::client::legacy::pool] [Thread:4296] DEBUG reuse idle connection for ("https", rpc.esmeralda.tari.com) // C:\Users\runneradmin\.cargo\registry\src\index.crates.io-1949cf8c6b5b557f\hyper-util-0.1.13\src\client\legacy\pool.rs:270
2026-05-30 23:06:12.897405700 [hyper_util::client::legacy::pool] [Thread:10412] DEBUG pooling idle connection for ("https", rpc.esmeralda.tari.com) // C:\Users\runneradmin\.cargo\registry\src\index.crates.io-1949cf8c6b5b557f\hyper-util-0.1.13\src\client\legacy\pool.rs:396
2026-05-30 23:06:12.897565800 [hyper_util::client::legacy::pool] [Thread:10412] DEBUG reuse idle connection for ("https", rpc.esmeralda.tari.com) // C:\Users\runneradmin\.cargo\registry\src\index.crates.io-1949cf8c6b5b557f\hyper-util-0.1.13\src\client\legacy\pool.rs:270
2026-05-30 23:06:13.292152000 [hyper_util::client::legacy::pool] [Thread:10412] DEBUG pooling idle connection for ("https", rpc.esmeralda.tari.com) // C:\Users\runneradmin\.cargo\registry\src\index.crates.io-1949cf8c6b5b557f\hyper-util-0.1.13\src\client\legacy\pool.rs:396
2026-05-30 23:06:13.292461900 [hyper_util::client::legacy::pool] [Thread:10796] DEBUG reuse idle connection for ("https", rpc.esmeralda.tari.com) // C:\Users\runneradmin\.cargo\registry\src\index.crates.io-1949cf8c6b5b557f\hyper-util-0.1.13\src\client\legacy\pool.rs:270
2026-05-30 23:06:15.142327000 [hyper_util::client::legacy::pool] [Thread:10796] DEBUG pooling idle connection for ("https", rpc.esmeralda.tari.com) // C:\Users\runneradmin\.cargo\registry\src\index.crates.io-1949cf8c6b5b557f\hyper-util-0.1.13\src\client\legacy\pool.rs:396
2026-05-30 23:06:15.144543800 [hyper_util::client::legacy::pool] [Thread:10412] DEBUG reuse idle connection for ("https", rpc.esmeralda.tari.com) // C:\Users\runneradmin\.cargo\registry\src\index.crates.io-1949cf8c6b5b557f\hyper-util-0.1.13\src\client\legacy\pool.rs:270
2026-05-30 23:06:15.512370800 [hyper_util::client::legacy::pool] [Thread:10796] DEBUG pooling idle connection for ("https", rpc.esmeralda.tari.com) // C:\Users\runneradmin\.cargo\registry\src\index.crates.io-1949cf8c6b5b557f\hyper-util-0.1.13\src\client\legacy\pool.rs:396
2026-05-30 23:06:15.512564600 [hyper_util::client::legacy::pool] [Thread:10412] DEBUG reuse idle connection for ("https", rpc.esmeralda.tari.com) // C:\Users\runneradmin\.cargo\registry\src\index.crates.io-1949cf8c6b5b557f\hyper-util-0.1.13\src\client\legacy\pool.rs:270
2026-05-30 23:06:16.177867000 [hyper_util::client::legacy::pool] [Thread:10412] DEBUG pooling idle connection for ("https", rpc.esmeralda.tari.com) // C:\Users\runneradmin\.cargo\registry\src\index.crates.io-1949cf8c6b5b557f\hyper-util-0.1.13\src\client\legacy\pool.rs:396
2026-05-30 23:06:16.178056100 [hyper_util::client::legacy::pool] [Thread:4296] DEBUG reuse idle connection for ("https", rpc.esmeralda.tari.com) // C:\Users\runneradmin\.cargo\registry\src\index.crates.io-1949cf8c6b5b557f\hyper-util-0.1.13\src\client\legacy\pool.rs:270
2026-05-30 23:06:16.661368800 [hyper_util::client::legacy::pool] [Thread:5916] DEBUG pooling idle connection for ("https", rpc.esmeralda.tari.com) // C:\Users\runneradmin\.cargo\registry\src\index.crates.io-1949cf8c6b5b557f\hyper-util-0.1.13\src\client\legacy\pool.rs:396
2026-05-30 23:06:16.927652200 [hyper_util::client::legacy::pool] [Thread:4296] DEBUG reuse idle connection for ("https", rpc.esmeralda.tari.com) // C:\Users\runneradmin\.cargo\registry\src\index.crates.io-1949cf8c6b5b557f\hyper-util-0.1.13\src\client\legacy\pool.rs:270
2026-05-30 23:06:17.533421000 [hyper_util::client::legacy::pool] [Thread:4296] DEBUG pooling idle connection for ("https", rpc.esmeralda.tari.com) // C:\Users\runneradmin\.cargo\registry\src\index.crates.io-1949cf8c6b5b557f\hyper-util-0.1.13\src\client\legacy\pool.rs:396
2026-05-30 23:06:17.533610100 [hyper_util::client::legacy::pool] [Thread:5916] DEBUG reuse idle connection for ("https", rpc.esmeralda.tari.com) // C:\Users\runneradmin\.cargo\registry\src\index.crates.io-1949cf8c6b5b557f\hyper-util-0.1.13\src\client\legacy\pool.rs:270
2026-05-30 23:06:18.040840700 [reqwest::connect] [Thread:10412] DEBUG starting new connection: http://127.0.0.1:9005/ // C:\Users\runneradmin\.cargo\registry\src\index.crates.io-1949cf8c6b5b557f\reqwest-0.12.17\src\connect.rs:753
2026-05-30 23:06:18.040881100 [hyper_util::client::legacy::connect::http] [Thread:10412] DEBUG connecting to 127.0.0.1:9005 // C:\Users\runneradmin\.cargo\registry\src\index.crates.io-1949cf8c6b5b557f\hyper-util-0.1.13\src\client\legacy\connect\http.rs:768
2026-05-30 23:06:18.205646700 [hyper_util::client::legacy::pool] [Thread:5916] DEBUG pooling idle connection for ("https", rpc.esmeralda.tari.com) // C:\Users\runneradmin\.cargo\registry\src\index.crates.io-1949cf8c6b5b557f\hyper-util-0.1.13\src\client\legacy\pool.rs:396
2026-05-30 23:06:18.205834800 [hyper_util::client::legacy::pool] [Thread:10412] DEBUG reuse idle connection for ("https", rpc.esmeralda.tari.com) // C:\Users\runneradmin\.cargo\registry\src\index.crates.io-1949cf8c6b5b557f\hyper-util-0.1.13\src\client\legacy\pool.rs:270
2026-05-30 23:06:18.640481800 [hyper_util::client::legacy::pool] [Thread:10412] DEBUG pooling idle connection for ("https", rpc.esmeralda.tari.com) // C:\Users\runneradmin\.cargo\registry\src\index.crates.io-1949cf8c6b5b557f\hyper-util-0.1.13\src\client\legacy\pool.rs:396
2026-05-30 23:06:18.640694500 [hyper_util::client::legacy::pool] [Thread:10796] DEBUG reuse idle connection for ("https", rpc.esmeralda.tari.com) // C:\Users\runneradmin\.cargo\registry\src\index.crates.io-1949cf8c6b5b557f\hyper-util-0.1.13\src\client\legacy\pool.rs:270
2026-05-30 23:06:19.041964700 [hyper_util::client::legacy::pool] [Thread:5916] DEBUG pooling idle connection for ("https", rpc.esmeralda.tari.com) // C:\Users\runneradmin\.cargo\registry\src\index.crates.io-1949cf8c6b5b557f\hyper-util-0.1.13\src\client\legacy\pool.rs:396
2026-05-30 23:06:19.211821700 [hyper_util::client::legacy::pool] [Thread:4296] DEBUG reuse idle connection for ("https", rpc.esmeralda.tari.com) // C:\Users\runneradmin\.cargo\registry\src\index.crates.io-1949cf8c6b5b557f\hyper-util-0.1.13\src\client\legacy\pool.rs:270
2026-05-30 23:06:19.642235500 [hyper_util::client::legacy::pool] [Thread:5916] DEBUG pooling idle connection for ("https", rpc.esmeralda.tari.com) // C:\Users\runneradmin\.cargo\registry\src\index.crates.io-1949cf8c6b5b557f\hyper-util-0.1.13\src\client\legacy\pool.rs:396
2026-05-30 23:06:19.642419700 [hyper_util::client::legacy::pool] [Thread:10796] DEBUG reuse idle connection for ("https", rpc.esmeralda.tari.com) // C:\Users\runneradmin\.cargo\registry\src\index.crates.io-1949cf8c6b5b557f\hyper-util-0.1.13\src\client\legacy\pool.rs:270
2026-05-30 23:06:20.043406600 [reqwest::connect] [Thread:4296] DEBUG starting new connection: https://rpc.esmeralda.tari.com/ // C:\Users\runneradmin\.cargo\registry\src\index.crates.io-1949cf8c6b5b557f\reqwest-0.12.17\src\connect.rs:753
2026-05-30 23:06:20.081856800 [hyper_util::client::legacy::pool] [Thread:10796] DEBUG pooling idle connection for ("https", rpc.esmeralda.tari.com) // C:\Users\runneradmin\.cargo\registry\src\index.crates.io-1949cf8c6b5b557f\hyper-util-0.1.13\src\client\legacy\pool.rs:396
2026-05-30 23:06:20.082064100 [hyper_util::client::legacy::pool] [Thread:4296] DEBUG reuse idle connection for ("https", rpc.esmeralda.tari.com) // C:\Users\runneradmin\.cargo\registry\src\index.crates.io-1949cf8c6b5b557f\hyper-util-0.1.13\src\client\legacy\pool.rs:270
2026-05-30 23:06:20.091243200 [hyper_util::client::legacy::connect::http] [Thread:4296] DEBUG connecting to [2606:4700:964a:d8ba:3564:51f:697e:3739]:443 // C:\Users\runneradmin\.cargo\registry\src\index.crates.io-1949cf8c6b5b557f\hyper-util-0.1.13\src\client\legacy\connect\http.rs:768
2026-05-30 23:06:20.310736300 [hyper_util::client::legacy::connect::http] [Thread:10412] DEBUG connected to [2606:4700:964a:d8ba:3564:51f:697e:3739]:443 // C:\Users\runneradmin\.cargo\registry\src\index.crates.io-1949cf8c6b5b557f\hyper-util-0.1.13\src\client\legacy\connect\http.rs:771
2026-05-30 23:06:20.518703200 [hyper_util::client::legacy::pool] [Thread:4296] DEBUG pooling idle connection for ("https", rpc.esmeralda.tari.com) // C:\Users\runneradmin\.cargo\registry\src\index.crates.io-1949cf8c6b5b557f\hyper-util-0.1.13\src\client\legacy\pool.rs:396
2026-05-30 23:06:20.518897300 [hyper_util::client::legacy::pool] [Thread:10412] DEBUG reuse idle connection for ("https", rpc.esmeralda.tari.com) // C:\Users\runneradmin\.cargo\registry\src\index.crates.io-1949cf8c6b5b557f\hyper-util-0.1.13\src\client\legacy\pool.rs:270
2026-05-30 23:06:21.010546100 [hyper_util::client::legacy::pool] [Thread:5916] DEBUG pooling idle connection for ("https", rpc.esmeralda.tari.com) // C:\Users\runneradmin\.cargo\registry\src\index.crates.io-1949cf8c6b5b557f\hyper-util-0.1.13\src\client\legacy\pool.rs:396
2026-05-30 23:06:22.207630100 [hyper_util::client::legacy::pool] [Thread:4296] DEBUG pooling idle connection for ("https", rpc.esmeralda.tari.com) // C:\Users\runneradmin\.cargo\registry\src\index.crates.io-1949cf8c6b5b557f\hyper-util-0.1.13\src\client\legacy\pool.rs:396
2026-05-30 23:06:22.367462200 [hyper_util::client::legacy::pool] [Thread:5916] DEBUG reuse idle connection for ("https", rpc.esmeralda.tari.com) // C:\Users\runneradmin\.cargo\registry\src\index.crates.io-1949cf8c6b5b557f\hyper-util-0.1.13\src\client\legacy\pool.rs:270
2026-05-30 23:06:23.813911600 [hyper_util::client::legacy::pool] [Thread:10412] DEBUG pooling idle connection for ("https", rpc.esmeralda.tari.com) // C:\Users\runneradmin\.cargo\registry\src\index.crates.io-1949cf8c6b5b557f\hyper-util-0.1.13\src\client\legacy\pool.rs:396
2026-05-30 23:06:23.814112500 [hyper_util::client::legacy::pool] [Thread:4296] DEBUG reuse idle connection for ("https", rpc.esmeralda.tari.com) // C:\Users\runneradmin\.cargo\registry\src\index.crates.io-1949cf8c6b5b557f\hyper-util-0.1.13\src\client\legacy\pool.rs:270
2026-05-30 23:06:24.706521500 [hyper_util::client::legacy::pool] [Thread:10412] DEBUG pooling idle connection for ("https", rpc.esmeralda.tari.com) // C:\Users\runneradmin\.cargo\registry\src\index.crates.io-1949cf8c6b5b557f\hyper-util-0.1.13\src\client\legacy\pool.rs:396
2026-05-30 23:06:24.706735000 [hyper_util::client::legacy::pool] [Thread:4296] DEBUG reuse idle connection for ("https", rpc.esmeralda.tari.com) // C:\Users\runneradmin\.cargo\registry\src\index.crates.io-1949cf8c6b5b557f\hyper-util-0.1.13\src\client\legacy\pool.rs:270
2026-05-30 23:06:25.656138100 [hyper_util::client::legacy::pool] [Thread:5916] DEBUG pooling idle connection for ("https", rpc.esmeralda.tari.com) // C:\Users\runneradmin\.cargo\registry\src\index.crates.io-1949cf8c6b5b557f\hyper-util-0.1.13\src\client\legacy\pool.rs:396
2026-05-30 23:06:25.656343100 [hyper_util::client::legacy::pool] [Thread:4296] DEBUG reuse idle connection for ("https", rpc.esmeralda.tari.com) // C:\Users\runneradmin\.cargo\registry\src\index.crates.io-1949cf8c6b5b557f\hyper-util-0.1.13\src\client\legacy\pool.rs:270
2026-05-30 23:06:26.431257000 [hyper_util::client::legacy::pool] [Thread:10412] DEBUG pooling idle connection for ("https", rpc.esmeralda.tari.com) // C:\Users\runneradmin\.cargo\registry\src\index.crates.io-1949cf8c6b5b557f\hyper-util-0.1.13\src\client\legacy\pool.rs:396
2026-05-30 23:06:26.603089600 [hyper_util::client::legacy::pool] [Thread:10796] DEBUG reuse idle connection for ("https", rpc.esmeralda.tari.com) // C:\Users\runneradmin\.cargo\registry\src\index.crates.io-1949cf8c6b5b557f\hyper-util-0.1.13\src\client\legacy\pool.rs:270
2026-05-30 23:06:27.427935500 [hyper_util::client::legacy::pool] [Thread:10796] DEBUG pooling idle connection for ("https", rpc.esmeralda.tari.com) // C:\Users\runneradmin\.cargo\registry\src\index.crates.io-1949cf8c6b5b557f\hyper-util-0.1.13\src\client\legacy\pool.rs:396
2026-05-30 23:06:27.428066000 [hyper_util::client::legacy::pool] [Thread:4296] DEBUG reuse idle connection for ("https", rpc.esmeralda.tari.com) // C:\Users\runneradmin\.cargo\registry\src\index.crates.io-1949cf8c6b5b557f\hyper-util-0.1.13\src\client\legacy\pool.rs:270
2026-05-30 23:06:28.041854000 [reqwest::connect] [Thread:4296] DEBUG starting new connection: http://127.0.0.1:9005/ // C:\Users\runneradmin\.cargo\registry\src\index.crates.io-1949cf8c6b5b557f\reqwest-0.12.17\src\connect.rs:753
2026-05-30 23:06:28.041891100 [hyper_util::client::legacy::connect::http] [Thread:4296] DEBUG connecting to 127.0.0.1:9005 // C:\Users\runneradmin\.cargo\registry\src\index.crates.io-1949cf8c6b5b557f\hyper-util-0.1.13\src\client\legacy\connect\http.rs:768
2026-05-30 23:06:28.325319600 [hyper_util::client::legacy::pool] [Thread:5916] DEBUG pooling idle connection for ("https", rpc.esmeralda.tari.com) // C:\Users\runneradmin\.cargo\registry\src\index.crates.io-1949cf8c6b5b557f\hyper-util-0.1.13\src\client\legacy\pool.rs:396
2026-05-30 23:06:28.325544200 [hyper_util::client::legacy::pool] [Thread:4296] DEBUG reuse idle connection for ("https", rpc.esmeralda.tari.com) // C:\Users\runneradmin\.cargo\registry\src\index.crates.io-1949cf8c6b5b557f\hyper-util-0.1.13\src\client\legacy\pool.rs:270
2026-05-30 23:06:29.093508600 [hyper_util::client::legacy::pool] [Thread:4296] DEBUG pooling idle connection for ("https", rpc.esmeralda.tari.com) // C:\Users\runneradmin\.cargo\registry\src\index.crates.io-1949cf8c6b5b557f\hyper-util-0.1.13\src\client\legacy\pool.rs:396
2026-05-30 23:06:29.093711200 [hyper_util::client::legacy::pool] [Thread:10796] DEBUG reuse idle connection for ("https", rpc.esmeralda.tari.com) // C:\Users\runneradmin\.cargo\registry\src\index.crates.io-1949cf8c6b5b557f\hyper-util-0.1.13\src\client\legacy\pool.rs:270
2026-05-30 23:06:30.074543100 [reqwest::connect] [Thread:10412] DEBUG starting new connection: https://rpc.esmeralda.tari.com/ // C:\Users\runneradmin\.cargo\registry\src\index.crates.io-1949cf8c6b5b557f\reqwest-0.12.17\src\connect.rs:753
2026-05-30 23:06:30.111217800 [hyper_util::client::legacy::connect::http] [Thread:10412] DEBUG connecting to [2606:4700:964a:d8ba:3564:51f:697e:3739]:443 // C:\Users\runneradmin\.cargo\registry\src\index.crates.io-1949cf8c6b5b557f\hyper-util-0.1.13\src\client\legacy\connect\http.rs:768
2026-05-30 23:06:30.273227700 [hyper_util::client::legacy::pool] [Thread:5916] DEBUG pooling idle connection for ("https", rpc.esmeralda.tari.com) // C:\Users\runneradmin\.cargo\registry\src\index.crates.io-1949cf8c6b5b557f\hyper-util-0.1.13\src\client\legacy\pool.rs:396
2026-05-30 23:06:30.307581400 [hyper_util::client::legacy::connect::http] [Thread:10412] DEBUG connected to [2606:4700:964a:d8ba:3564:51f:697e:3739]:443 // C:\Users\runneradmin\.cargo\registry\src\index.crates.io-1949cf8c6b5b557f\hyper-util-0.1.13\src\client\legacy\connect\http.rs:771
2026-05-30 23:06:30.448458800 [hyper_util::client::legacy::pool] [Thread:10796] DEBUG reuse idle connection for ("https", rpc.esmeralda.tari.com) // C:\Users\runneradmin\.cargo\registry\src\index.crates.io-1949cf8c6b5b557f\hyper-util-0.1.13\src\client\legacy\pool.rs:270
2026-05-30 23:06:31.019999800 [hyper_util::client::legacy::pool] [Thread:5916] DEBUG pooling idle connection for ("https", rpc.esmeralda.tari.com) // C:\Users\runneradmin\.cargo\registry\src\index.crates.io-1949cf8c6b5b557f\hyper-util-0.1.13\src\client\legacy\pool.rs:396
2026-05-30 23:06:32.807231700 [hyper_util::client::legacy::pool] [Thread:10412] DEBUG pooling idle connection for ("https", rpc.esmeralda.tari.com) // C:\Users\runneradmin\.cargo\registry\src\index.crates.io-1949cf8c6b5b557f\hyper-util-0.1.13\src\client\legacy\pool.rs:396
2026-05-30 23:06:32.807419500 [hyper_util::client::legacy::pool] [Thread:10796] DEBUG reuse idle connection for ("https", rpc.esmeralda.tari.com) // C:\Users\runneradmin\.cargo\registry\src\index.crates.io-1949cf8c6b5b557f\hyper-util-0.1.13\src\client\legacy\pool.rs:270
2026-05-30 23:06:33.567224400 [hyper_util::client::legacy::pool] [Thread:4296] DEBUG pooling idle connection for ("https", rpc.esmeralda.tari.com) // C:\Users\runneradmin\.cargo\registry\src\index.crates.io-1949cf8c6b5b557f\hyper-util-0.1.13\src\client\legacy\pool.rs:396
2026-05-30 23:06:33.567488200 [hyper_util::client::legacy::pool] [Thread:5916] DEBUG reuse idle connection for ("https", rpc.esmeralda.tari.com) // C:\Users\runneradmin\.cargo\registry\src\index.crates.io-1949cf8c6b5b557f\hyper-util-0.1.13\src\client\legacy\pool.rs:270
2026-05-30 23:06:34.267890300 [hyper_util::client::legacy::pool] [Thread:5916] DEBUG pooling idle connection for ("https", rpc.esmeralda.tari.com) // C:\Users\runneradmin\.cargo\registry\src\index.crates.io-1949cf8c6b5b557f\hyper-util-0.1.13\src\client\legacy\pool.rs:396
2026-05-30 23:06:34.268321800 [hyper_util::client::legacy::pool] [Thread:10796] DEBUG reuse idle connection for ("https", rpc.esmeralda.tari.com) // C:\Users\runneradmin\.cargo\registry\src\index.crates.io-1949cf8c6b5b557f\hyper-util-0.1.13\src\client\legacy\pool.rs:270
2026-05-30 23:06:35.040433200 [hyper_util::client::legacy::pool] [Thread:4296] DEBUG pooling idle connection for ("https", rpc.esmeralda.tari.com) // C:\Users\runneradmin\.cargo\registry\src\index.crates.io-1949cf8c6b5b557f\hyper-util-0.1.13\src\client\legacy\pool.rs:396
2026-05-30 23:06:35.210738000 [hyper_util::client::legacy::pool] [Thread:10796] DEBUG reuse idle connection for ("https", rpc.esmeralda.tari.com) // C:\Users\runneradmin\.cargo\registry\src\index.crates.io-1949cf8c6b5b557f\hyper-util-0.1.13\src\client\legacy\pool.rs:270
2026-05-30 23:06:36.175937300 [reqwest::connect] [Thread:5916] DEBUG starting new connection: https://rpc.esmeralda.tari.com/ // C:\Users\runneradmin\.cargo\registry\src\index.crates.io-1949cf8c6b5b557f\reqwest-0.12.17\src\connect.rs:753
2026-05-30 23:06:36.175989700 [hyper_util::client::legacy::pool] [Thread:5916] DEBUG reuse idle connection for ("https", rpc.esmeralda.tari.com) // C:\Users\runneradmin\.cargo\registry\src\index.crates.io-1949cf8c6b5b557f\hyper-util-0.1.13\src\client\legacy\pool.rs:270
2026-05-30 23:06:36.177423200 [hyper_util::client::legacy::connect::http] [Thread:10412] DEBUG connecting to [2606:4700:964a:d8ba:3564:51f:697e:3739]:443 // C:\Users\runneradmin\.cargo\registry\src\index.crates.io-1949cf8c6b5b557f\hyper-util-0.1.13\src\client\legacy\connect\http.rs:768
2026-05-30 23:06:36.373426900 [hyper_util::client::legacy::connect::http] [Thread:10412] DEBUG connected to [2606:4700:964a:d8ba:3564:51f:697e:3739]:443 // C:\Users\runneradmin\.cargo\registry\src\index.crates.io-1949cf8c6b5b557f\hyper-util-0.1.13\src\client\legacy\connect\http.rs:771
2026-05-30 23:06:36.890473200 [hyper_util::client::legacy::pool] [Thread:4296] DEBUG pooling idle connection for ("https", rpc.esmeralda.tari.com) // C:\Users\runneradmin\.cargo\registry\src\index.crates.io-1949cf8c6b5b557f\hyper-util-0.1.13\src\client\legacy\pool.rs:396
2026-05-30 23:06:36.890656400 [hyper_util::client::legacy::pool] [Thread:10412] DEBUG reuse idle connection for ("https", rpc.esmeralda.tari.com) // C:\Users\runneradmin\.cargo\registry\src\index.crates.io-1949cf8c6b5b557f\hyper-util-0.1.13\src\client\legacy\pool.rs:270
2026-05-30 23:06:37.647387100 [hyper_util::client::legacy::pool] [Thread:10412] DEBUG pooling idle connection for ("https", rpc.esmeralda.tari.com) // C:\Users\runneradmin\.cargo\registry\src\index.crates.io-1949cf8c6b5b557f\hyper-util-0.1.13\src\client\legacy\pool.rs:396
2026-05-30 23:06:37.647556400 [hyper_util::client::legacy::pool] [Thread:5916] DEBUG reuse idle connection for ("https", rpc.esmeralda.tari.com) // C:\Users\runneradmin\.cargo\registry\src\index.crates.io-1949cf8c6b5b557f\hyper-util-0.1.13\src\client\legacy\pool.rs:270
2026-05-30 23:06:37.661375700 [hyper_util::client::legacy::pool] [Thread:10796] DEBUG pooling idle connection for ("https", rpc.esmeralda.tari.com) // C:\Users\runneradmin\.cargo\registry\src\index.crates.io-1949cf8c6b5b557f\hyper-util-0.1.13\src\client\legacy\pool.rs:396
2026-05-30 23:06:38.042926800 [reqwest::connect] [Thread:10796] DEBUG starting new connection: http://127.0.0.1:9005/ // C:\Users\runneradmin\.cargo\registry\src\index.crates.io-1949cf8c6b5b557f\reqwest-0.12.17\src\connect.rs:753
2026-05-30 23:06:38.043044500 [hyper_util::client::legacy::connect::http] [Thread:10796] DEBUG connecting to 127.0.0.1:9005 // C:\Users\runneradmin\.cargo\registry\src\index.crates.io-1949cf8c6b5b557f\hyper-util-0.1.13\src\client\legacy\connect\http.rs:768
2026-05-30 23:06:38.368087000 [hyper_util::client::legacy::pool] [Thread:10796] DEBUG pooling idle connection for ("https", rpc.esmeralda.tari.com) // C:\Users\runneradmin\.cargo\registry\src\index.crates.io-1949cf8c6b5b557f\hyper-util-0.1.13\src\client\legacy\pool.rs:396
2026-05-30 23:06:38.551955500 [hyper_util::client::legacy::pool] [Thread:5916] DEBUG reuse idle connection for ("https", rpc.esmeralda.tari.com) // C:\Users\runneradmin\.cargo\registry\src\index.crates.io-1949cf8c6b5b557f\hyper-util-0.1.13\src\client\legacy\pool.rs:270
2026-05-30 23:06:39.286095800 [hyper_util::client::legacy::pool] [Thread:10412] DEBUG pooling idle connection for ("https", rpc.esmeralda.tari.com) // C:\Users\runneradmin\.cargo\registry\src\index.crates.io-1949cf8c6b5b557f\hyper-util-0.1.13\src\client\legacy\pool.rs:396
2026-05-30 23:06:39.286254900 [hyper_util::client::legacy::pool] [Thread:10796] DEBUG reuse idle connection for ("https", rpc.esmeralda.tari.com) // C:\Users\runneradmin\.cargo\registry\src\index.crates.io-1949cf8c6b5b557f\hyper-util-0.1.13\src\client\legacy\pool.rs:270
2026-05-30 23:06:40.005823100 [hyper_util::client::legacy::pool] [Thread:10796] DEBUG pooling idle connection for ("https", rpc.esmeralda.tari.com) // C:\Users\runneradmin\.cargo\registry\src\index.crates.io-1949cf8c6b5b557f\hyper-util-0.1.13\src\client\legacy\pool.rs:396
2026-05-30 23:06:40.006006500 [hyper_util::client::legacy::pool] [Thread:5916] DEBUG reuse idle connection for ("https", rpc.esmeralda.tari.com) // C:\Users\runneradmin\.cargo\registry\src\index.crates.io-1949cf8c6b5b557f\hyper-util-0.1.13\src\client\legacy\pool.rs:270
2026-05-30 23:06:40.081239900 [reqwest::connect] [Thread:10412] DEBUG starting new connection: https://rpc.esmeralda.tari.com/ // C:\Users\runneradmin\.cargo\registry\src\index.crates.io-1949cf8c6b5b557f\reqwest-0.12.17\src\connect.rs:753
2026-05-30 23:06:40.082495200 [hyper_util::client::legacy::connect::http] [Thread:10412] DEBUG connecting to [2606:4700:964a:d8ba:3564:51f:697e:3739]:443 // C:\Users\runneradmin\.cargo\registry\src\index.crates.io-1949cf8c6b5b557f\hyper-util-0.1.13\src\client\legacy\connect\http.rs:768
2026-05-30 23:06:40.292449200 [hyper_util::client::legacy::connect::http] [Thread:10412] DEBUG connected to [2606:4700:964a:d8ba:3564:51f:697e:3739]:443 // C:\Users\runneradmin\.cargo\registry\src\index.crates.io-1949cf8c6b5b557f\hyper-util-0.1.13\src\client\legacy\connect\http.rs:771
2026-05-30 23:06:40.703011000 [hyper_util::client::legacy::pool] [Thread:10412] DEBUG pooling idle connection for ("https", rpc.esmeralda.tari.com) // C:\Users\runneradmin\.cargo\registry\src\index.crates.io-1949cf8c6b5b557f\hyper-util-0.1.13\src\client\legacy\pool.rs:396
2026-05-30 23:06:40.703202700 [hyper_util::client::legacy::pool] [Thread:10796] DEBUG reuse idle connection for ("https", rpc.esmeralda.tari.com) // C:\Users\runneradmin\.cargo\registry\src\index.crates.io-1949cf8c6b5b557f\hyper-util-0.1.13\src\client\legacy\pool.rs:270
2026-05-30 23:06:41.001766800 [hyper_util::client::legacy::pool] [Thread:10412] DEBUG pooling idle connection for ("https", rpc.esmeralda.tari.com) // C:\Users\runneradmin\.cargo\registry\src\index.crates.io-1949cf8c6b5b557f\hyper-util-0.1.13\src\client\legacy\pool.rs:396
2026-05-30 23:06:42.725354900 [hyper_util::client::legacy::pool] [Thread:10796] DEBUG pooling idle connection for ("https", rpc.esmeralda.tari.com) // C:\Users\runneradmin\.cargo\registry\src\index.crates.io-1949cf8c6b5b557f\hyper-util-0.1.13\src\client\legacy\pool.rs:396
2026-05-30 23:06:42.903560000 [hyper_util::client::legacy::pool] [Thread:10796] DEBUG reuse idle connection for ("https", rpc.esmeralda.tari.com) // C:\Users\runneradmin\.cargo\registry\src\index.crates.io-1949cf8c6b5b557f\hyper-util-0.1.13\src\client\legacy\pool.rs:270
2026-05-30 23:06:43.672690600 [hyper_util::client::legacy::pool] [Thread:10412] DEBUG reuse idle connection for ("https", rpc.esmeralda.tari.com) // C:\Users\runneradmin\.cargo\registry\src\index.crates.io-1949cf8c6b5b557f\hyper-util-0.1.13\src\client\legacy\pool.rs:270
2026-05-30 23:06:43.672722700 [hyper_util::client::legacy::pool] [Thread:10412] DEBUG pooling idle connection for ("https", rpc.esmeralda.tari.com) // C:\Users\runneradmin\.cargo\registry\src\index.crates.io-1949cf8c6b5b557f\hyper-util-0.1.13\src\client\legacy\pool.rs:396
2026-05-30 23:06:44.162647800 [hyper_util::client::legacy::pool] [Thread:10796] DEBUG pooling idle connection for ("https", rpc.esmeralda.tari.com) // C:\Users\runneradmin\.cargo\registry\src\index.crates.io-1949cf8c6b5b557f\hyper-util-0.1.13\src\client\legacy\pool.rs:396
2026-05-30 23:06:44.162868400 [hyper_util::client::legacy::pool] [Thread:10412] DEBUG reuse idle connection for ("https", rpc.esmeralda.tari.com) // C:\Users\runneradmin\.cargo\registry\src\index.crates.io-1949cf8c6b5b557f\hyper-util-0.1.13\src\client\legacy\pool.rs:270
2026-05-30 23:06:44.638294800 [hyper_util::client::legacy::pool] [Thread:5916] DEBUG pooling idle connection for ("https", rpc.esmeralda.tari.com) // C:\Users\runneradmin\.cargo\registry\src\index.crates.io-1949cf8c6b5b557f\hyper-util-0.1.13\src\client\legacy\pool.rs:396
2026-05-30 23:06:44.638478000 [hyper_util::client::legacy::pool] [Thread:10796] DEBUG reuse idle connection for ("https", rpc.esmeralda.tari.com) // C:\Users\runneradmin\.cargo\registry\src\index.crates.io-1949cf8c6b5b557f\hyper-util-0.1.13\src\client\legacy\pool.rs:270
