2026-05-30 23:06:08.026582000 [wallet::utxo_scanning] [Thread:4296] DEBUG UtxoScanningMode: New scanning service created // base_layer\wallet\src\utxo_scanner_service\service.rs:84
2026-05-30 23:06:08.026707200 [wallet::utxo_scanning] [Thread:4296] INFO  UtxoScanningMode: UTXO scanning service starting // base_layer\wallet\src\utxo_scanner_service\service.rs:122
2026-05-30 23:06:08.034190300 [wallet::utxo_scanning] [Thread:5916] INFO  UTXO scanning round started // base_layer\wallet\src\utxo_scanner_service\service.rs:150
2026-05-30 23:06:08.034267900 [wallet::utxo_scanning] [Thread:5916] INFO  Starting UTXO scanning task // base_layer\wallet\src\utxo_scanner_service\utxo_scanner_task.rs:242
2026-05-30 23:06:12.487217100 [wallet::utxo_scanning] [Thread:4296] DEBUG UtxoScanningMode: Found 0 cached previously scanned blocks // base_layer\wallet\src\utxo_scanner_service\utxo_scanner_task.rs:341
2026-05-30 23:06:12.494655500 [wallet::utxo_scanning] [Thread:4296] DEBUG Wallet birthday is 0 at epoch time 1640995200 // base_layer\wallet\src\utxo_scanner_service\utxo_scanner_task.rs:862
2026-05-30 23:06:13.292234900 [wallet::utxo_scanning] [Thread:10796] INFO  Fresh wallet recovery/scanning: Wallet birthday '0' at epoch time '1640995200' , scanning from epoch time '1640995200' at block height '0' with header hash '3c3681ad318eb54ca3f3e8aed79d3d207d94a5291aec84ba1a0b628633db3621' // base_layer\wallet\src\utxo_scanner_service\utxo_scanner_task.rs:885
2026-05-30 23:06:13.292288100 [wallet::utxo_scanning] [Thread:10796] INFO  UtxoScanningMode: Scanning UTXO's from height = 0 to current tip_height = 672056 (starting header_hash: 3c3681ad318eb54ca3f3e8aed79d3d207d94a5291aec84ba1a0b628633db3621) // base_layer\wallet\src\utxo_scanner_service\utxo_scanner_task.rs:289
2026-05-30 23:06:13.292319400 [wallet::utxo_scanning] [Thread:10796] INFO  Starting UTXO scanning from header hash 3c3681ad318eb54ca3f3e8aed79d3d207d94a5291aec84ba1a0b628633db3621 to tip height 672056 // base_layer\wallet\src\utxo_scanner_service\utxo_scanner_task.rs:424
2026-05-30 23:06:15.298332700 [wallet::utxo_scanning] [Thread:4296] DEBUG Scanned up to block 10 with a current tip_height of 672056 // base_layer\wallet\src\utxo_scanner_service\utxo_scanner_task.rs:554
2026-05-30 23:06:15.363638500 [wallet::utxo_scanning] [Thread:4296] DEBUG Scanned up to block 20 with a current tip_height of 672056 // base_layer\wallet\src\utxo_scanner_service\utxo_scanner_task.rs:554
2026-05-30 23:06:15.551527000 [wallet::utxo_scanning] [Thread:10796] DEBUG Scanned up to block 30 with a current tip_height of 672056 // base_layer\wallet\src\utxo_scanner_service\utxo_scanner_task.rs:554
2026-05-30 23:06:15.618125500 [wallet::utxo_scanning] [Thread:10796] DEBUG Scanned up to block 40 with a current tip_height of 672056 // base_layer\wallet\src\utxo_scanner_service\utxo_scanner_task.rs:554
2026-05-30 23:06:16.185129000 [wallet::utxo_scanning] [Thread:10796] DEBUG Scanned up to block 50 with a current tip_height of 672056 // base_layer\wallet\src\utxo_scanner_service\utxo_scanner_task.rs:554
2026-05-30 23:06:16.250176300 [wallet::utxo_scanning] [Thread:10796] DEBUG Scanned up to block 60 with a current tip_height of 672056 // base_layer\wallet\src\utxo_scanner_service\utxo_scanner_task.rs:554
2026-05-30 23:06:16.316480600 [wallet::utxo_scanning] [Thread:10796] DEBUG Scanned up to block 70 with a current tip_height of 672056 // base_layer\wallet\src\utxo_scanner_service\utxo_scanner_task.rs:554
2026-05-30 23:06:16.716965100 [wallet::utxo_scanning] [Thread:4296] DEBUG Scanned up to block 80 with a current tip_height of 672056 // base_layer\wallet\src\utxo_scanner_service\utxo_scanner_task.rs:554
2026-05-30 23:06:16.857788200 [wallet::utxo_scanning] [Thread:4296] DEBUG Scanned up to block 90 with a current tip_height of 672056 // base_layer\wallet\src\utxo_scanner_service\utxo_scanner_task.rs:554
2026-05-30 23:06:17.623098500 [wallet::utxo_scanning] [Thread:4296] DEBUG Scanned up to block 110 with a current tip_height of 672056 // base_layer\wallet\src\utxo_scanner_service\utxo_scanner_task.rs:554
2026-05-30 23:06:17.687690100 [wallet::utxo_scanning] [Thread:4296] DEBUG Scanned up to block 120 with a current tip_height of 672056 // base_layer\wallet\src\utxo_scanner_service\utxo_scanner_task.rs:554
2026-05-30 23:06:18.246833900 [wallet::utxo_scanning] [Thread:5916] DEBUG Scanned up to block 130 with a current tip_height of 672056 // base_layer\wallet\src\utxo_scanner_service\utxo_scanner_task.rs:554
2026-05-30 23:06:18.311564400 [wallet::utxo_scanning] [Thread:5916] DEBUG Scanned up to block 140 with a current tip_height of 672056 // base_layer\wallet\src\utxo_scanner_service\utxo_scanner_task.rs:554
2026-05-30 23:06:18.648070300 [wallet::utxo_scanning] [Thread:10412] DEBUG Scanned up to block 150 with a current tip_height of 672056 // base_layer\wallet\src\utxo_scanner_service\utxo_scanner_task.rs:554
2026-05-30 23:06:18.714462200 [wallet::utxo_scanning] [Thread:10412] DEBUG Scanned up to block 160 with a current tip_height of 672056 // base_layer\wallet\src\utxo_scanner_service\utxo_scanner_task.rs:554
2026-05-30 23:06:18.780367900 [wallet::utxo_scanning] [Thread:10412] DEBUG Scanned up to block 170 with a current tip_height of 672056 // base_layer\wallet\src\utxo_scanner_service\utxo_scanner_task.rs:554
2026-05-30 23:06:19.082908300 [wallet::utxo_scanning] [Thread:4296] DEBUG Scanned up to block 180 with a current tip_height of 672056 // base_layer\wallet\src\utxo_scanner_service\utxo_scanner_task.rs:554
2026-05-30 23:06:19.147677400 [wallet::utxo_scanning] [Thread:4296] DEBUG Scanned up to block 190 with a current tip_height of 672056 // base_layer\wallet\src\utxo_scanner_service\utxo_scanner_task.rs:554
2026-05-30 23:06:19.710036800 [wallet::utxo_scanning] [Thread:5916] DEBUG Scanned up to block 210 with a current tip_height of 672056 // base_layer\wallet\src\utxo_scanner_service\utxo_scanner_task.rs:554
2026-05-30 23:06:19.775201600 [wallet::utxo_scanning] [Thread:5916] DEBUG Scanned up to block 220 with a current tip_height of 672056 // base_layer\wallet\src\utxo_scanner_service\utxo_scanner_task.rs:554
2026-05-30 23:06:20.122089100 [wallet::utxo_scanning] [Thread:10796] DEBUG Scanned up to block 230 with a current tip_height of 672056 // base_layer\wallet\src\utxo_scanner_service\utxo_scanner_task.rs:554
2026-05-30 23:06:20.186637900 [wallet::utxo_scanning] [Thread:10796] DEBUG Scanned up to block 240 with a current tip_height of 672056 // base_layer\wallet\src\utxo_scanner_service\utxo_scanner_task.rs:554
2026-05-30 23:06:20.525936800 [wallet::utxo_scanning] [Thread:4296] DEBUG Scanned up to block 250 with a current tip_height of 672056 // base_layer\wallet\src\utxo_scanner_service\utxo_scanner_task.rs:554
2026-05-30 23:06:20.591446700 [wallet::utxo_scanning] [Thread:4296] DEBUG Scanned up to block 260 with a current tip_height of 672056 // base_layer\wallet\src\utxo_scanner_service\utxo_scanner_task.rs:554
2026-05-30 23:06:20.657179600 [wallet::utxo_scanning] [Thread:4296] DEBUG Scanned up to block 270 with a current tip_height of 672056 // base_layer\wallet\src\utxo_scanner_service\utxo_scanner_task.rs:554
2026-05-30 23:06:22.243418100 [wallet::utxo_scanning] [Thread:5916] DEBUG Scanned up to block 280 with a current tip_height of 672056 // base_layer\wallet\src\utxo_scanner_service\utxo_scanner_task.rs:554
2026-05-30 23:06:22.303764700 [wallet::utxo_scanning] [Thread:5916] DEBUG Scanned up to block 290 with a current tip_height of 672056 // base_layer\wallet\src\utxo_scanner_service\utxo_scanner_task.rs:554
2026-05-30 23:06:23.892656700 [wallet::utxo_scanning] [Thread:5916] DEBUG Scanned up to block 310 with a current tip_height of 672056 // base_layer\wallet\src\utxo_scanner_service\utxo_scanner_task.rs:554
2026-05-30 23:06:23.957184500 [wallet::utxo_scanning] [Thread:5916] DEBUG Scanned up to block 320 with a current tip_height of 672056 // base_layer\wallet\src\utxo_scanner_service\utxo_scanner_task.rs:554
2026-05-30 23:06:24.749209600 [wallet::utxo_scanning] [Thread:10796] DEBUG Scanned up to block 330 with a current tip_height of 672056 // base_layer\wallet\src\utxo_scanner_service\utxo_scanner_task.rs:554
2026-05-30 23:06:24.817793100 [wallet::utxo_scanning] [Thread:10796] DEBUG Scanned up to block 340 with a current tip_height of 672056 // base_layer\wallet\src\utxo_scanner_service\utxo_scanner_task.rs:554
2026-05-30 23:06:25.663635600 [wallet::utxo_scanning] [Thread:5916] DEBUG Scanned up to block 350 with a current tip_height of 672056 // base_layer\wallet\src\utxo_scanner_service\utxo_scanner_task.rs:554
2026-05-30 23:06:25.732322400 [wallet::utxo_scanning] [Thread:5916] DEBUG Scanned up to block 360 with a current tip_height of 672056 // base_layer\wallet\src\utxo_scanner_service\utxo_scanner_task.rs:554
2026-05-30 23:06:25.798812200 [wallet::utxo_scanning] [Thread:5916] DEBUG Scanned up to block 370 with a current tip_height of 672056 // base_layer\wallet\src\utxo_scanner_service\utxo_scanner_task.rs:554
2026-05-30 23:06:26.472819700 [wallet::utxo_scanning] [Thread:10796] DEBUG Scanned up to block 380 with a current tip_height of 672056 // base_layer\wallet\src\utxo_scanner_service\utxo_scanner_task.rs:554
2026-05-30 23:06:26.538934400 [wallet::utxo_scanning] [Thread:10796] DEBUG Scanned up to block 390 with a current tip_height of 672056 // base_layer\wallet\src\utxo_scanner_service\utxo_scanner_task.rs:554
2026-05-30 23:06:27.518436300 [wallet::utxo_scanning] [Thread:5916] DEBUG Scanned up to block 410 with a current tip_height of 672056 // base_layer\wallet\src\utxo_scanner_service\utxo_scanner_task.rs:554
2026-05-30 23:06:27.585489300 [wallet::utxo_scanning] [Thread:5916] DEBUG Scanned up to block 420 with a current tip_height of 672056 // base_layer\wallet\src\utxo_scanner_service\utxo_scanner_task.rs:554
2026-05-30 23:06:28.364500000 [wallet::utxo_scanning] [Thread:5916] DEBUG Scanned up to block 430 with a current tip_height of 672056 // base_layer\wallet\src\utxo_scanner_service\utxo_scanner_task.rs:554
2026-05-30 23:06:28.428931700 [wallet::utxo_scanning] [Thread:5916] DEBUG Scanned up to block 440 with a current tip_height of 672056 // base_layer\wallet\src\utxo_scanner_service\utxo_scanner_task.rs:554
2026-05-30 23:06:29.100817300 [wallet::utxo_scanning] [Thread:4296] DEBUG Scanned up to block 450 with a current tip_height of 672056 // base_layer\wallet\src\utxo_scanner_service\utxo_scanner_task.rs:554
2026-05-30 23:06:29.171505000 [wallet::utxo_scanning] [Thread:4296] DEBUG Scanned up to block 460 with a current tip_height of 672056 // base_layer\wallet\src\utxo_scanner_service\utxo_scanner_task.rs:554
2026-05-30 23:06:29.263283200 [wallet::utxo_scanning] [Thread:4296] DEBUG Scanned up to block 470 with a current tip_height of 672056 // base_layer\wallet\src\utxo_scanner_service\utxo_scanner_task.rs:554
2026-05-30 23:06:30.315885300 [wallet::utxo_scanning] [Thread:10796] DEBUG Scanned up to block 480 with a current tip_height of 672056 // base_layer\wallet\src\utxo_scanner_service\utxo_scanner_task.rs:554
2026-05-30 23:06:30.381315800 [wallet::utxo_scanning] [Thread:10796] DEBUG Scanned up to block 490 with a current tip_height of 672056 // base_layer\wallet\src\utxo_scanner_service\utxo_scanner_task.rs:554
2026-05-30 23:06:32.888369800 [wallet::utxo_scanning] [Thread:10412] DEBUG Scanned up to block 510 with a current tip_height of 672056 // base_layer\wallet\src\utxo_scanner_service\utxo_scanner_task.rs:554
2026-05-30 23:06:32.958752700 [wallet::utxo_scanning] [Thread:10412] DEBUG Scanned up to block 520 with a current tip_height of 672056 // base_layer\wallet\src\utxo_scanner_service\utxo_scanner_task.rs:554
2026-05-30 23:06:33.607659900 [wallet::utxo_scanning] [Thread:10796] DEBUG Scanned up to block 530 with a current tip_height of 672056 // base_layer\wallet\src\utxo_scanner_service\utxo_scanner_task.rs:554
2026-05-30 23:06:33.673246100 [wallet::utxo_scanning] [Thread:10796] DEBUG Scanned up to block 540 with a current tip_height of 672056 // base_layer\wallet\src\utxo_scanner_service\utxo_scanner_task.rs:554
2026-05-30 23:06:34.276071800 [wallet::utxo_scanning] [Thread:5916] DEBUG Scanned up to block 550 with a current tip_height of 672056 // base_layer\wallet\src\utxo_scanner_service\utxo_scanner_task.rs:554
2026-05-30 23:06:34.341592200 [wallet::utxo_scanning] [Thread:5916] DEBUG Scanned up to block 560 with a current tip_height of 672056 // base_layer\wallet\src\utxo_scanner_service\utxo_scanner_task.rs:554
2026-05-30 23:06:34.406790600 [wallet::utxo_scanning] [Thread:5916] DEBUG Scanned up to block 570 with a current tip_height of 672056 // base_layer\wallet\src\utxo_scanner_service\utxo_scanner_task.rs:554
2026-05-30 23:06:35.082740600 [wallet::utxo_scanning] [Thread:10796] DEBUG Scanned up to block 580 with a current tip_height of 672056 // base_layer\wallet\src\utxo_scanner_service\utxo_scanner_task.rs:554
2026-05-30 23:06:35.148146500 [wallet::utxo_scanning] [Thread:10796] DEBUG Scanned up to block 590 with a current tip_height of 672056 // base_layer\wallet\src\utxo_scanner_service\utxo_scanner_task.rs:554
2026-05-30 23:06:36.242143300 [wallet::utxo_scanning] [Thread:5916] DEBUG Scanned up to block 610 with a current tip_height of 672056 // base_layer\wallet\src\utxo_scanner_service\utxo_scanner_task.rs:554
2026-05-30 23:06:36.301196600 [wallet::utxo_scanning] [Thread:5916] DEBUG Scanned up to block 620 with a current tip_height of 672056 // base_layer\wallet\src\utxo_scanner_service\utxo_scanner_task.rs:554
2026-05-30 23:06:36.933077300 [wallet::utxo_scanning] [Thread:4296] DEBUG Scanned up to block 630 with a current tip_height of 672056 // base_layer\wallet\src\utxo_scanner_service\utxo_scanner_task.rs:554
2026-05-30 23:06:37.000910900 [wallet::utxo_scanning] [Thread:4296] DEBUG Scanned up to block 640 with a current tip_height of 672056 // base_layer\wallet\src\utxo_scanner_service\utxo_scanner_task.rs:554
2026-05-30 23:06:37.655017700 [wallet::utxo_scanning] [Thread:10412] DEBUG Scanned up to block 650 with a current tip_height of 672056 // base_layer\wallet\src\utxo_scanner_service\utxo_scanner_task.rs:554
2026-05-30 23:06:37.723146100 [wallet::utxo_scanning] [Thread:10412] DEBUG Scanned up to block 660 with a current tip_height of 672056 // base_layer\wallet\src\utxo_scanner_service\utxo_scanner_task.rs:554
2026-05-30 23:06:37.792832400 [wallet::utxo_scanning] [Thread:10412] DEBUG Scanned up to block 670 with a current tip_height of 672056 // base_layer\wallet\src\utxo_scanner_service\utxo_scanner_task.rs:554
2026-05-30 23:06:38.410126600 [wallet::utxo_scanning] [Thread:5916] DEBUG Scanned up to block 680 with a current tip_height of 672056 // base_layer\wallet\src\utxo_scanner_service\utxo_scanner_task.rs:554
2026-05-30 23:06:38.478069200 [wallet::utxo_scanning] [Thread:5916] DEBUG Scanned up to block 690 with a current tip_height of 672056 // base_layer\wallet\src\utxo_scanner_service\utxo_scanner_task.rs:554
2026-05-30 23:06:39.441044100 [wallet::utxo_scanning] [Thread:4296] DEBUG Scanned up to block 710 with a current tip_height of 672056 // base_layer\wallet\src\utxo_scanner_service\utxo_scanner_task.rs:554
2026-05-30 23:06:39.506698600 [wallet::utxo_scanning] [Thread:4296] DEBUG Scanned up to block 720 with a current tip_height of 672056 // base_layer\wallet\src\utxo_scanner_service\utxo_scanner_task.rs:554
2026-05-30 23:06:40.049237700 [wallet::utxo_scanning] [Thread:10796] DEBUG Scanned up to block 730 with a current tip_height of 672056 // base_layer\wallet\src\utxo_scanner_service\utxo_scanner_task.rs:554
2026-05-30 23:06:40.116591800 [wallet::utxo_scanning] [Thread:10796] DEBUG Scanned up to block 740 with a current tip_height of 672056 // base_layer\wallet\src\utxo_scanner_service\utxo_scanner_task.rs:554
2026-05-30 23:06:40.710062500 [wallet::utxo_scanning] [Thread:5916] DEBUG Scanned up to block 750 with a current tip_height of 672056 // base_layer\wallet\src\utxo_scanner_service\utxo_scanner_task.rs:554
2026-05-30 23:06:40.776444300 [wallet::utxo_scanning] [Thread:5916] DEBUG Scanned up to block 760 with a current tip_height of 672056 // base_layer\wallet\src\utxo_scanner_service\utxo_scanner_task.rs:554
2026-05-30 23:06:40.839526400 [wallet::utxo_scanning] [Thread:5916] DEBUG Scanned up to block 770 with a current tip_height of 672056 // base_layer\wallet\src\utxo_scanner_service\utxo_scanner_task.rs:554
2026-05-30 23:06:42.764460900 [wallet::utxo_scanning] [Thread:10796] DEBUG Scanned up to block 780 with a current tip_height of 672056 // base_layer\wallet\src\utxo_scanner_service\utxo_scanner_task.rs:554
2026-05-30 23:06:42.831186400 [wallet::utxo_scanning] [Thread:10796] DEBUG Scanned up to block 790 with a current tip_height of 672056 // base_layer\wallet\src\utxo_scanner_service\utxo_scanner_task.rs:554
2026-05-30 23:06:43.731191300 [wallet::utxo_scanning] [Thread:10412] DEBUG Scanned up to block 810 with a current tip_height of 672056 // base_layer\wallet\src\utxo_scanner_service\utxo_scanner_task.rs:554
2026-05-30 23:06:43.815983600 [wallet::utxo_scanning] [Thread:10412] DEBUG Scanned up to block 820 with a current tip_height of 672056 // base_layer\wallet\src\utxo_scanner_service\utxo_scanner_task.rs:554
2026-05-30 23:06:44.207300000 [wallet::utxo_scanning] [Thread:10412] DEBUG Scanned up to block 830 with a current tip_height of 672056 // base_layer\wallet\src\utxo_scanner_service\utxo_scanner_task.rs:554
2026-05-30 23:06:44.285217700 [wallet::utxo_scanning] [Thread:10412] DEBUG Scanned up to block 840 with a current tip_height of 672056 // base_layer\wallet\src\utxo_scanner_service\utxo_scanner_task.rs:554
2026-05-30 23:06:44.644636200 [wallet::utxo_scanning] [Thread:10412] DEBUG Scanned up to block 850 with a current tip_height of 672056 // base_layer\wallet\src\utxo_scanner_service\utxo_scanner_task.rs:554
